Component: ARM Compiler 5.06 update 6 (build 750) Tool: armlink [4d35ed]

==============================================================================

Section Cross References

    main.o(i.Command_control) refers to bsp_relay.o(i.bsp_RelayOn) for bsp_RelayOn
    main.o(i.Command_control) refers to bsp_relay.o(i.bsp_RelayOff) for bsp_RelayOff
    main.o(i.Command_control) refers to bsp_fan.o(i.bsp_FanOn) for bsp_FanOn
    main.o(i.Command_control) refers to bsp_fan.o(i.bsp_FanOff) for bsp_FanOff
    main.o(i.Command_control) refers to bsp_led.o(i.bsp_LedOn) for bsp_LedOn
    main.o(i.Command_control) refers to bsp_led.o(i.bsp_LedOff) for bsp_LedOff
    main.o(i.Command_control) refers to bsp_beep.o(i.bsp_BeepOff) for bsp_BeepOff
    main.o(i.Command_control) refers to bsp_beep.o(i.bsp_BeepOn) for bsp_BeepOn
    main.o(i.Command_control) refers to bsp_uart.o(.bss) for USART_RX_BUF
    main.o(i.Key_Control) refers to bsp_key.o(i.bsp_GetKey) for bsp_GetKey
    main.o(i.Key_Control) refers to main.o(.data) for temp_max
    main.o(i.Nt_DisPlay) refers to _printf_pad.o(.text) for _printf_pre_padding
    main.o(i.Nt_DisPlay) refers to _printf_percent.o(.ARM.Collect$$_printf_percent$$00000000) for _printf_percent
    main.o(i.Nt_DisPlay) refers to _printf_x.o(.ARM.Collect$$_printf_percent$$0000000C) for _printf_x
    main.o(i.Nt_DisPlay) refers to _printf_hex_int.o(.text) for _printf_longlong_hex
    main.o(i.Nt_DisPlay) refers to noretval__2sprintf.o(.text) for __2sprintf
    main.o(i.Nt_DisPlay) refers to bsp_nt35310_lcd.o(i.Show_Chinese32) for Show_Chinese32
    main.o(i.Nt_DisPlay) refers to bsp_nt35310_lcd.o(i.LCD_ShowString) for LCD_ShowString
    main.o(i.Nt_DisPlay) refers to bsp_nt35310_lcd.o(i.LCD_DrawLine) for LCD_DrawLine
    main.o(i.Nt_DisPlay) refers to bsp_nt35310_lcd.o(.bss) for lcddev
    main.o(i.PrintfHelp) refers to noretval__2printf.o(.text) for __2printf
    main.o(i.PrintfHelp) refers to main.o(.conststring) for .conststring
    main.o(i.PrintfLogo) refers to _printf_pad.o(.text) for _printf_pre_padding
    main.o(i.PrintfLogo) refers to _printf_percent.o(.ARM.Collect$$_printf_percent$$00000000) for _printf_percent
    main.o(i.PrintfLogo) refers to _printf_x.o(.ARM.Collect$$_printf_percent$$0000000C) for _printf_x
    main.o(i.PrintfLogo) refers to _printf_hex_int.o(.text) for _printf_longlong_hex
    main.o(i.PrintfLogo) refers to _printf_s.o(.ARM.Collect$$_printf_percent$$00000014) for _printf_s
    main.o(i.PrintfLogo) refers to _printf_str.o(.text) for _printf_str
    main.o(i.PrintfLogo) refers to _printf_d.o(.ARM.Collect$$_printf_percent$$00000009) for _printf_d
    main.o(i.PrintfLogo) refers to _printf_dec.o(.text) for _printf_int_dec
    main.o(i.PrintfLogo) refers to noretval__2printf.o(.text) for __2printf
    main.o(i.Show_L) refers to _printf_percent.o(.ARM.Collect$$_printf_percent$$00000000) for _printf_percent
    main.o(i.Show_L) refers to _printf_f.o(.ARM.Collect$$_printf_percent$$00000003) for _printf_f
    main.o(i.Show_L) refers to printf1.o(x$fpl$printf1) for _printf_fp_dec
    main.o(i.Show_L) refers to f2d.o(x$fpl$f2d) for __aeabi_f2d
    main.o(i.Show_L) refers to noretval__2sprintf.o(.text) for __2sprintf
    main.o(i.Show_L) refers to bsp_nt35310_lcd.o(i.LCD_ShowString) for LCD_ShowString
    main.o(i.Show_L) refers to bsp_nt35310_lcd.o(i.LCD_ShowNum) for LCD_ShowNum
    main.o(i.Show_L) refers to bsp_nt35310_lcd.o(i.Show_Chinese32) for Show_Chinese32
    main.o(i.Show_L) refers to fflt_clz.o(x$fpl$ffltu) for __aeabi_ui2f
    main.o(i.Show_L) refers to fleqf.o(x$fpl$fleqf) for __aeabi_cfcmple
    main.o(i.Show_L) refers to bsp_nt35310_lcd.o(i.LCD_Fill) for LCD_Fill
    main.o(i.Show_L) refers to bsp_sht30.o(.data) for Tem_Value
    main.o(i.Show_L) refers to main.o(.data) for lux
    main.o(i.Show_L) refers to bsp_uart.o(.bss) for USART_RX_BUF
    main.o(i.check_receive) refers to main.o(i.usart2_cmd_receive) for usart2_cmd_receive
    main.o(i.check_receive) refers to main.o(.data) for ceive
    main.o(i.check_receive) refers to bsp_uart2.o(.bss) for USART2_RX_BUF
    main.o(i.data_static) refers to _printf_percent.o(.ARM.Collect$$_printf_percent$$00000000) for _printf_percent
    main.o(i.data_static) refers to _printf_d.o(.ARM.Collect$$_printf_percent$$00000009) for _printf_d
    main.o(i.data_static) refers to _printf_f.o(.ARM.Collect$$_printf_percent$$00000003) for _printf_f
    main.o(i.data_static) refers to _printf_dec.o(.text) for _printf_int_dec
    main.o(i.data_static) refers to printf1.o(x$fpl$printf1) for _printf_fp_dec
    main.o(i.data_static) refers to bsp_co2.o(i.CO2_READ) for CO2_READ
    main.o(i.data_static) refers to bsp_opt3001.o(i.GetLuxValue) for GetLuxValue
    main.o(i.data_static) refers to fflt_clz.o(x$fpl$ffltu) for __aeabi_ui2f
    main.o(i.data_static) refers to fdiv.o(x$fpl$fdiv) for __aeabi_fdiv
    main.o(i.data_static) refers to bsp_pm2.5.o(i.PM25_READ) for PM25_READ
[...]
    _dadd1                                   0x08005be1   Thumb Code     0  daddsub_clz.o(x$fpl$dadd)
    x$fpl$ddiv                               0x08005d20   Section      688  ddiv.o(x$fpl$ddiv)
    ddiv_entry                               0x08005d27   Thumb Code     0  ddiv.o(x$fpl$ddiv)
    x$fpl$dfltu                              0x08005fd0   Section       38  dflt_clz.o(x$fpl$dfltu)
    x$fpl$dmul                               0x08005ff8   Section      340  dmul.o(x$fpl$dmul)
    x$fpl$dnaninf                            0x0800614c   Section      156  dnaninf.o(x$fpl$dnaninf)
    x$fpl$dretinf                            0x080061e8   Section       12  dretinf.o(x$fpl$dretinf)
    x$fpl$dsub                               0x080061f4   Section      468  daddsub_clz.o(x$fpl$dsub)
    _dsub1                                   0x08006205   Thumb Code     0  daddsub_clz.o(x$fpl$dsub)
    x$fpl$f2d                                0x080063c8   Section       86  f2d.o(x$fpl$f2d)
    x$fpl$fcmpinf                            0x0800641e   Section       24  fcmpi.o(x$fpl$fcmpinf)
    x$fpl$fdiv                               0x08006438   Section      388  fdiv.o(x$fpl$fdiv)
    _fdiv1                                   0x08006439   Thumb Code     0  fdiv.o(x$fpl$fdiv)
    x$fpl$ffltu                              0x080065bc   Section       38  fflt_clz.o(x$fpl$ffltu)
    x$fpl$fleqf                              0x080065e4   Section      104  fleqf.o(x$fpl$fleqf)
    x$fpl$fnaninf                            0x0800664c   Section      140  fnaninf.o(x$fpl$fnaninf)
    x$fpl$fretinf                            0x080066d8   Section       10  fretinf.o(x$fpl$fretinf)
    x$fpl$frleqf                             0x080066e2   Section       98  frleqf.o(x$fpl$frleqf)
    x$fpl$printf1                            0x08006744   Section        4  printf1.o(x$fpl$printf1)
    .constdata                               0x08006748   Section        9  bsp_co2.o(.constdata)
    x$fpl$usenofp                            0x08006748   Section        0  usenofp.o(x$fpl$usenofp)
    CO2_READ_CMD                             0x08006748   Data           9  bsp_co2.o(.constdata)
    .constdata                               0x08006751   Section    15485  bsp_nt35310_lcd.o(.constdata)
    .constdata                               0x0800a3ce   Section        9  bsp_pm2.5.o(.constdata)
    PM25_READ_CMD                            0x0800a3ce   Data           9  bsp_pm2.5.o(.constdata)
    .constdata                               0x0800a3d7   Section       40  _printf_hex_int.o(.constdata)
    uc_hextab                                0x0800a3d7   Data          20  _printf_hex_int.o(.constdata)
    lc_hextab                                0x0800a3eb   Data          20  _printf_hex_int.o(.constdata)
    .constdata                               0x0800a3ff   Section       17  __printf_flags_wp.o(.constdata)
    maptable                                 0x0800a3ff   Data          17  __printf_flags_wp.o(.constdata)
    .constdata                               0x0800a410   Section      148  bigflt0.o(.constdata)
    tenpwrs_x                                0x0800a410   Data          60  bigflt0.o(.constdata)
    tenpwrs_i                                0x0800a44c   Data          64  bigflt0.o(.constdata)
    .conststring                             0x0800a4a4   Section       73  main.o(.conststring)
    locale$$data                             0x0800a510   Section       28  lc_numeric_c.o(locale$$data)
    __lcnum_c_name                           0x0800a514   Data           2  lc_numeric_c.o(locale$$data)
    __lcnum_c_start                          0x0800a51c   Data           0  lc_numeric_c.o(locale$$data)
    __lcnum_c_point                          0x0800a528   Data           0  lc_numeric_c.o(locale$$data)
    __lcnum_c_thousands                      0x0800a52a   Data           0  lc_numeric_c.o(locale$$data)
    __lcnum_c_grouping                       0x0800a52b   Data           0  lc_numeric_c.o(locale$$data)
    __lcnum_c_end                            0x0800a52c   Data           0  lc_numeric_c.o(locale$$data)
    .data                                    0x20000000   Section       15  main.o(.data)
    .data                                    0x20000010   Section       13  bsp_timer.o(.data)
    s_uiDelayCount                           0x20000010   Data           4  bsp_timer.o(.data)
    s_ucTimeOutFlag                          0x20000014   Data           1  bsp_timer.o(.data)
    s_count                                  0x2000001c   Data           1  bsp_timer.o(.data)
    .data                                    0x20000020   Section        8  bsp_uart.o(.data)
    .data                                    0x20000028   Section        1  bsp_uart4.o(.data)
    .data                                    0x20000029   Section        2  bsp_iosensor.o(.data)
    .data                                    0x2000002c   Section        4  bsp_nt35310_lcd.o(.data)
    .data                                    0x20000030   Section        8  bsp_sht30.o(.data)
    .data                                    0x20000038   Section        1  bsp_uart5.o(.data)
    .data                                    0x20000039   Section        2  bsp_uart2.o(.data)
    .data                                    0x2000003c   Section       20  system_stm32f10x.o(.data)
    .data                                    0x20000050   Section       20  stm32f10x_rcc.o(.data)
    APBAHBPrescTable                         0x20000050   Data          16  stm32f10x_rcc.o(.data)
    ADCPrescTable                            0x20000060   Data           4  stm32f10x_rcc.o(.data)
    .bss                                     0x20000064   Section       48  bsp_timer.o(.bss)
    s_tTmr                                   0x20000064   Data          48  bsp_timer.o(.bss)
    .bss                                     0x20000094   Section      109  bsp_key.o(.bss)
    s_tBtn                                   0x20000094   Data          96  bsp_key.o(.bss)
    s_tKey                                   0x200000f4   Data          13  bsp_key.o(.bss)
    .bss                                     0x20000101   Section     1024  bsp_uart.o(.bss)
    .bss                                     0x20000501   Section       64  bsp_uart4.o(.bss)
    .bss                                     0x20000541   Section       10  bsp_co2.o(.bss)
    .bss                                     0x2000054c   Section       14  bsp_nt35310_lcd.o(.bss)
    .bss                                     0x2000055a   Section       64  bsp_uart5.o(.bss)
    .bss                                     0x2000059a   Section       10  bsp_pm2.5.o(.bss)
    .bss                                     0x200005a4   Section       64  bsp_uart2.o(.bss)
    .bss                                     0x200005e4   Section       96  libspace.o(.bss)
    HEAP                                     0x20000648   Section      512  startup_stm32f10x_hd.o(HEAP)
    Heap_Mem                                 0x20000648   Data         512  startup_stm32f10x_hd.o(HEAP)
    STACK                                    0x20000848   Section     1024  startup_stm32f10x_hd.o(STACK)
    Stack_Mem                                0x20000848   Data        1024  startup_stm32f10x_hd.o(STACK)
    __initial_sp                             0x20000c48   Data           0  startup_stm32f10x_hd.o(STACK)

    Global Symbols

    Symbol Name                              Value     Ov Type        Size  Object(Section)

    BuildAttributes$$THM_ISAv4$P$D$K$B$S$PE$A:L22UL41UL21$X:L11$S22US41US21$IEEE1$IW$USESV6$~STKCKD$USESV7$~SHL$OTIME$ROPI$IEEEJ$EBA8$UX$STANDARDLIB$REQ8$PRES8$EABIv2 0x00000000   Number         0  anon$$obj.o ABSOLUTE
    __ARM_use_no_argv                        0x00000000   Number         0  main.o ABSOLUTE
    _printf_flags                            0x00000000   Number         0  printf_stubs.o ABSOLUTE
    _printf_return_value                     0x00000000   Number         0  printf_stubs.o ABSOLUTE
    _printf_sizespec                         0x00000000   Number         0  printf_stubs.o ABSOLUTE
    _printf_widthprec                        0x00000000   Number         0  printf_stubs.o ABSOLUTE
    __ARM_exceptions_init                     - Undefined Weak Reference
    __alloca_initialize                       - Undefined Weak Reference
    __arm_preinit_                            - Undefined Weak Reference
    __cpp_initialize__aeabi_                  - Undefined Weak Reference
    __cxa_finalize                            - Undefined Weak Reference
    __sigvec_lookup                           - Undefined Weak Reference
    _atexit_init                              - Undefined Weak Reference
    _call_atexit_fns                          - Undefined Weak Reference
    _clock_init                               - Undefined Weak Reference
    _fp_trap_init                             - Undefined Weak Reference
    _fp_trap_shutdown                         - Undefined Weak Reference
    _get_lc_collate                           - Undefined Weak Reference
    _get_lc_ctype                             - Undefined Weak Reference
    _get_lc_monetary                          - Undefined Weak Reference
    _get_lc_time                              - Undefined Weak Reference
    _getenv_init                              - Undefined Weak Reference
    _handle_redirection                       - Undefined Weak Reference
    _init_alloc                               - Undefined Weak Reference
    _init_user_alloc                          - Undefined Weak Reference
    _initio                                   - Undefined Weak Reference
    _mutex_acquire                            - Undefined Weak Reference
    _mutex_release                            - Undefined Weak Reference
    _printf_mbtowc                            - Undefined Weak Reference
    _printf_truncate_signed                   - Undefined Weak Reference
    _printf_truncate_unsigned                 - Undefined Weak Reference
    _rand_init                                - Undefined Weak Reference
    _signal_finish                            - Undefined Weak Reference
    _signal_init                              - Undefined Weak Reference
    _terminate_alloc                          - Undefined Weak Reference
    _terminate_user_alloc                     - Undefined Weak Reference
    _terminateio                              - Undefined Weak Reference
    __Vectors_Size                           0x00000130   Number         0  startup_stm32f10x_hd.o ABSOLUTE
    __Vectors                                0x08000000   Data           4  startup_stm32f10x_hd.o(RESET)
    __Vectors_End                            0x08000130   Data           0  startup_stm32f10x_hd.o(RESET)
    __main                                   0x08000131   Thumb Code     8  __main.o(!!!main)
    __scatterload                            0x08000139   Thumb Code     0  __scatter.o(!!!scatter)
    __scatterload_rt2                        0x08000139   Thumb Code    44  __scatter.o(!!!scatter)
    __scatterload_rt2_thumb_only             0x08000139   Thumb Code     0  __scatter.o(!!!scatter)
    __scatterload_null                       0x08000147   Thumb Code     0  __scatter.o(!!!scatter)
    __scatterload_copy                       0x0800016d   Thumb Code    26  __scatter_copy.o(!!handler_copy)
    __scatterload_zeroinit                   0x08000189   Thumb Code    28  __scatter_zi.o(!!handler_zi)
    _printf_f                                0x080001a5   Thumb Code     0  _printf_f.o(.ARM.Collect$$_printf_percent$$00000003)
    _printf_percent                          0x080001a5   Thumb Code     0  _printf_percent.o(.ARM.Collect$$_printf_percent$$00000000)
    _printf_d                                0x080001ab   Thumb Code     0  _printf_d.o(.ARM.Collect$$_printf_percent$$00000009)
    _printf_x                                0x080001b1   Thumb Code     0  _printf_x.o(.ARM.Collect$$_printf_percent$$0000000C)
    _printf_s                                0x080001b7   Thumb Code     0  _printf_s.o(.ARM.Collect$$_printf_percent$$00000014)
    _printf_percent_end                      0x080001bd   Thumb Code     0  _printf_percent_end.o(.ARM.Collect$$_printf_percent$$00000017)
    __rt_lib_init                            0x080001c1   Thumb Code     0  libinit.o(.ARM.Collect$$libinit$$00000000)
    __rt_lib_init_fp_1                       0x080001c3   Thumb Code     0  libinit2.o(.ARM.Collect$$libinit$$00000002)
    __rt_lib_init_heap_1                     0x080001c3   Thumb Code     0  libinit2.o(.ARM.Collect$$libinit$$0000000A)
    __rt_lib_init_lc_common                  0x080001c3   Thumb Code     0  libinit2.o(.ARM.Collect$$libinit$$0000000F)
    __rt_lib_init_preinit_1                  0x080001c3   Thumb Code     0  libinit2.o(.ARM.Collect$$libinit$$00000004)
    __rt_lib_init_rand_1                     0x080001c3   Thumb Code     0  libinit2.o(.ARM.Collect$$libinit$$0000000E)
    __rt_lib_init_user_alloc_1               0x080001c3   Thumb Code     0  libinit2.o(.ARM.Collect$$libinit$$0000000C)
    __rt_lib_init_lc_collate_1               0x080001c9   Thumb Code     0  libinit2.o(.ARM.Collect$$libinit$$00000011)
    __rt_lib_init_lc_ctype_1                 0x080001c9   Thumb Code     0  libinit2.o(.ARM.Collect$$libinit$$00000013)
    __rt_lib_init_lc_monetary_1              0x080001c9   Thumb Code     0  libinit2.o(.ARM.Collect$$libinit$$00000015)
    __rt_lib_init_lc_numeric_2               0x080001c9   Thumb Code     0  libinit2.o(.ARM.Collect$$libinit$$00000016)
    __rt_lib_init_alloca_1                   0x080001d3   Thumb Code     0  libinit2.o(.ARM.Collect$$libinit$$0000002E)
    __rt_lib_init_argv_1                     0x080001d3   Thumb Code     0  libinit2.o(.ARM.Collect$$libinit$$0000002C)
    __rt_lib_init_atexit_1                   0x080001d3   Thumb Code     0  libinit2.o(.ARM.Collect$$libinit$$0000001B)
    __rt_lib_init_clock_1                    0x080001d3   Thumb Code     0  libinit2.o(.ARM.Collect$$libinit$$00000021)
    __rt_lib_init_cpp_1                      0x080001d3   Thumb Code     0  libinit2.o(.ARM.Collect$$libinit$$00000032)
    __rt_lib_init_exceptions_1               0x080001d3   Thumb Code     0  libinit2.o(.ARM.Collect$$libinit$$00000030)
    __rt_lib_init_fp_trap_1                  0x080001d3   Thumb Code     0  libinit2.o(.ARM.Collect$$libinit$$0000001F)
    __rt_lib_init_getenv_1                   0x080001d3   Thumb Code     0  libinit2.o(.ARM.Collect$$libinit$$00000023)
    __rt_lib_init_lc_numeric_1               0x080001d3   Thumb Code     0  libinit2.o(.ARM.Collect$$libinit$$00000017)
    __rt_lib_init_lc_time_1                  0x080001d3   Thumb Code     0  libinit2.o(.ARM.Collect$$libinit$$00000019)
    __rt_lib_init_return                     0x080001d3   Thumb Code     0  libinit2.o(.ARM.Collect$$libinit$$00000033)
    __rt_lib_init_signal_1                   0x080001d3   Thumb Code     0  libinit2.o(.ARM.Collect$$libinit$$0000001D)
    __rt_lib_init_stdio_1                    0x080001d3   Thumb Code     0  libinit2.o(.ARM.Collect$$libinit$$00000025)
    __rt_lib_shutdown                        0x080001d5   Thumb Code     0  libshutdown.o(.ARM.Collect$$libshutdown$$00000000)
    __rt_lib_shutdown_cpp_1                  0x080001d7   Thumb Code     0  libshutdown2.o(.ARM.Collect$$libshutdown$$00000002)
    __rt_lib_shutdown_fp_trap_1              0x080001d7   Thumb Code     0  libshutdown2.o(.ARM.Collect$$libshutdown$$00000007)
    __rt_lib_shutdown_heap_1                 0x080001d7   Thumb Code     0  libshutdown2.o(.ARM.Collect$$libshutdown$$0000000F)
    __rt_lib_shutdown_return                 0x080001d7   Thumb Code     0  libshutdown2.o(.ARM.Collect$$libshutdown$$00000010)
    __rt_lib_shutdown_signal_1               0x080001d7   Thumb Code     0  libshutdown2.o(.ARM.Collect$$libshutdown$$0000000A)
    __rt_lib_shutdown_stdio_1                0x080001d7   Thumb Code     0  libshutdown2.o(.ARM.Collect$$libshutdown$$00000004)
    __rt_lib_shutdown_user_alloc_1           0x080001d7   Thumb Code     0  libshutdown2.o(.ARM.Collect$$libshutdown$$0000000C)
    __rt_entry                               0x080001d9   Thumb Code     0  __rtentry.o(.ARM.Collect$$rtentry$$00000000)
    __rt_entry_presh_1                       0x080001d9   Thumb Code     0  __rtentry2.o(.ARM.Collect$$rtentry$$00000002)
    __rt_entry_sh                            0x080001d9   Thumb Code     0  __rtentry4.o(.ARM.Collect$$rtentry$$00000004)
    __rt_entry_li                            0x080001df   Thumb Code     0  __rtentry2.o(.ARM.Collect$$rtentry$$0000000A)
    __rt_entry_postsh_1                      0x080001df   Thumb Code     0  __rtentry2.o(.ARM.Collect$$rtentry$$00000009)
    __rt_entry_main                          0x080001e3   Thumb Code     0  __rtentry2.o(.ARM.Collect$$rtentry$$0000000D)
    __rt_entry_postli_1                      0x080001e3   Thumb Code     0  __rtentry2.o(.ARM.Collect$$rtentry$$0000000C)
    __rt_exit                                0x080001eb   Thumb Code     0  rtexit.o(.ARM.Collect$$rtexit$$00000000)
    __rt_exit_ls                             0x080001ed   Thumb Code     0  rtexit2.o(.ARM.Collect$$rtexit$$00000003)
    __rt_exit_prels_1                        0x080001ed   Thumb Code     0  rtexit2.o(.ARM.Collect$$rtexit$$00000002)
    __rt_exit_exit                           0x080001f1   Thumb Code     0  rtexit2.o(.ARM.Collect$$rtexit$$00000004)
    Reset_Handler                            0x080001f9   Thumb Code     8  startup_stm32f10x_hd.o(.text)
    ADC1_2_IRQHandler                        0x08000213   Thumb Code     0  startup_stm32f10x_hd.o(.text)
    ADC3_IRQHandler                          0x08000213   Thumb Code     0  startup_stm32f10x_hd.o(.text)
    CAN1_RX1_IRQHandler                      0x08000213   Thumb Code     0  startup_stm32f10x_hd.o(.text)
    CAN1_SCE_IRQHandler                      0x08000213   Thumb Code     0  startup_stm32f10x_hd.o(.text)
    DMA1_Channel1_IRQHandler                 0x08000213   Thumb Code     0  startup_stm32f10x_hd.o(.text)
    DMA1_Channel2_IRQHandler                 0x08000213   Thumb Code     0  startup_stm32f10x_hd.o(.text)
    DMA1_Channel3_IRQHandler                 0x08000213   Thumb Code     0  startup_stm32f10x_hd.o(.text)
    DMA1_Channel4_IRQHandler                 0x08000213   Thumb Code     0  startup_stm32f10x_hd.o(.text)
    DMA1_Channel5_IRQHandler                 0x08000213   Thumb Code     0  startup_stm32f10x_hd.o(.text)
    DMA1_Channel6_IRQHandler                 0x08000213   Thumb Code     0  startup_stm32f10x_hd.o(.text)
    DMA1_Channel7_IRQHandler                 0x08000213   Thumb Code     0  startup_stm32f10x_hd.o(.text)
    DMA2_Channel1_IRQHandler                 0x08000213   Thumb Code     0  startup_stm32f10x_hd.o(.text)
    DMA2_Channel2_IRQHandler                 0x08000213   Thumb Code     0  startup_stm32f10x_hd.o(.text)
    DMA2_Channel3_IRQHandler                 0x08000213   Thumb Code     0  startup_stm32f10x_hd.o(.text)
    DMA2_Channel4_5_IRQHandler               0x08000213   Thumb Code     0  startup_stm32f10x_hd.o(.text)
    EXTI0_IRQHandler                         0x08000213   Thumb Code     0  startup_stm32f10x_hd.o(.text)
    EXTI1_IRQHandler                         0x08000213   Thumb Code     0  startup_stm32f10x_hd.o(.text)
    EXTI2_IRQHandler                         0x08000213   Thumb Code     0  startup_stm32f10x_hd.o(.text)
    EXTI3_IRQHandler                         0x08000213   Thumb Code     0  startup_stm32f10x_hd.o(.text)
    EXTI4_IRQHandler                         0x08000213   Thumb Code     0  startup_stm32f10x_hd.o(.text)
    EXTI9_5_IRQHandler                       0x08000213   Thumb Code     0  startup_stm32f10x_hd.o(.text)
    FLASH_IRQHandler                         0x08000213   Thumb Code     0  startup_stm32f10x_hd.o(.text)
    FSMC_IRQHandler                          0x08000213   Thumb Code     0  startup_stm32f10x_hd.o(.text)
    I2C1_ER_IRQHandler                       0x08000213   Thumb Code     0  startup_stm32f10x_hd.o(.text)
    I2C1_EV_IRQHandler                       0x08000213   Thumb Code     0  startup_stm32f10x_hd.o(.text)
    I2C2_ER_IRQHandler                       0x08000213   Thumb Code     0  startup_stm32f10x_hd.o(.text)
    I2C2_EV_IRQHandler                       0x08000213   Thumb Code     0  startup_stm32f10x_hd.o(.text)
    PVD_IRQHandler                           0x08000213   Thumb Code     0  startup_stm32f10x_hd.o(.text)
    RCC_IRQHandler                           0x08000213   Thumb Code     0  startup_stm32f10x_hd.o(.text)
    RTCAlarm_IRQHandler                      0x08000213   Thumb Code     0  startup_stm32f10x_hd.o(.text)
    RTC_IRQHandler                           0x08000213   Thumb Code     0  startup_stm32f10x_hd.o(.text)
    SDIO_IRQHandler                          0x08000213   Thumb Code     0  startup_stm32f10x_hd.o(.text)
    SPI1_IRQHandler                          0x08000213   Thumb Code     0  startup_stm32f10x_hd.o(.text)
    SPI2_IRQHandler                          0x08000213   Thumb Code     0  startup_stm32f10x_hd.o(.text)
    SPI3_IRQHandler                          0x08000213   Thumb Code     0  startup_stm32f10x_hd.o(.text)
    TAMPER_IRQHandler                        0x08000213   Thumb Code     0  startup_stm32f10x_hd.o(.text)
    TIM1_BRK_IRQHandler                      0x08000213   Thumb Code     0  startup_stm32f10x_hd.o(.text)
    TIM1_CC_IRQHandler                       0x08000213   Thumb Code     0  startup_stm32f10x_hd.o(.text)
    TIM1_TRG_COM_IRQHandler                  0x08000213   Thumb Code     0  startup_stm32f10x_hd.o(.text)
    TIM1_UP_IRQHandler                       0x08000213   Thumb Code     0  startup_stm32f10x_hd.o(.text)
    TIM2_IRQHandler                          0x08000213   Thumb Code     0  startup_stm32f10x_hd.o(.text)
    TIM3_IRQHandler                          0x08000213   Thumb Code     0  startup_stm32f10x_hd.o(.text)
    TIM4_IRQHandler                          0x08000213   Thumb Code     0  startup_stm32f10x_hd.o(.text)
    TIM5_IRQHandler                          0x08000213   Thumb Code     0  startup_stm32f10x_hd.o(.text)
    TIM6_IRQHandler                          0x08000213   Thumb Code     0  startup_stm32f10x_hd.o(.text)
    TIM7_IRQHandler                          0x08000213   Thumb Code     0  startup_stm32f10x_hd.o(.text)
    TIM8_BRK_IRQHandler                      0x08000213   Thumb Code     0  startup_stm32f10x_hd.o(.text)
    TIM8_CC_IRQHandler                       0x08000213   Thumb Code     0  startup_stm32f10x_hd.o(.text)
    TIM8_TRG_COM_IRQHandler                  0x08000213   Thumb Code     0  startup_stm32f10x_hd.o(.text)
    TIM8_UP_IRQHandler                       0x08000213   Thumb Code     0  startup_stm32f10x_hd.o(.text)
    USART3_IRQHandler                        0x08000213   Thumb Code     0  startup_stm32f10x_hd.o(.text)
    USBWakeUp_IRQHandler                     0x08000213   Thumb Code     0  startup_stm32f10x_hd.o(.text)
    USB_HP_CAN1_TX_IRQHandler                0x08000213   Thumb Code     0  startup_stm32f10x_hd.o(.text)
    USB_LP_CAN1_RX0_IRQHandler               0x08000213   Thumb Code     0  startup_stm32f10x_hd.o(.text)
    __user_initial_stackheap                 0x08000215   Thumb Code     0  startup_stm32f10x_hd.o(.text)
    __use_no_semihosting                     0x08000239   Thumb Code     2  use_no_semi_2.o(.text)
    __2printf                                0x0800023d   Thumb Code    20  noretval__2printf.o(.text)
    __2sprintf                               0x08000255   Thumb Code    34  noretval__2sprintf.o(.text)
    _printf_pre_padding                      0x0800027d   Thumb Code    44  _printf_pad.o(.text)
    _printf_post_padding                     0x080002a9   Thumb Code    34  _printf_pad.o(.text)
    _printf_str                              0x080002cb   Thumb Code    82  _printf_str.o(.text)
    _printf_int_dec                          0x0800031d   Thumb Code   104  _printf_dec.o(.text)
    _printf_int_hex                          0x08000395   Thumb Code    84  _printf_hex_int.o(.text)
    _printf_longlong_hex                     0x08000395   Thumb Code     0  _printf_hex_int.o(.text)
    __printf                                 0x080003ed   Thumb Code   308  __printf_flags_wp.o(.text)
    __use_two_region_memory                  0x08000525   Thumb Code     2  heapauxi.o(.text)
    __rt_heap_escrow$2region                 0x08000527   Thumb Code     2  heapauxi.o(.text)
    __rt_heap_expand$2region                 0x08000529   Thumb Code     2  heapauxi.o(.text)
    __I$use$semihosting                      0x0800052b   Thumb Code     0  use_no_semi.o(.text)
    __use_no_semihosting_swi                 0x0800052b   Thumb Code     2  use_no_semi.o(.text)
    _printf_int_common                       0x0800052d   Thumb Code   178  _printf_intcommon.o(.text)
    __lib_sel_fp_printf                      0x080005df   Thumb Code     2  _printf_fp_dec.o(.text)
    _printf_fp_dec_real                      0x08000791   Thumb Code   620  _printf_fp_dec.o(.text)
    _printf_char_common                      0x08000a07   Thumb Code    32  _printf_char_common.o(.text)
    _sputc                                   0x08000a2d   Thumb Code    10  _sputc.o(.text)
    _printf_cs_common                        0x08000a37   Thumb Code    20  _printf_char.o(.text)
    _printf_char                             0x08000a4b   Thumb Code    16  _printf_char.o(.text)
    _printf_string                           0x08000a5b   Thumb Code     8  _printf_char.o(.text)
    _printf_char_file                        0x08000a65   Thumb Code    32  _printf_char_file.o(.text)
    __rt_locale                              0x08000a89   Thumb Code     8  rt_locale_intlibspace.o(.text)
    _ll_udiv10                               0x08000a91   Thumb Code   138  lludiv10.o(.text)
    _printf_fp_infnan                        0x08000b1d   Thumb Code   112  _printf_fp_infnan.o(.text)
    _btod_etento                             0x08000b9d   Thumb Code   224  bigflt0.o(.text)
    ferror                                   0x08000c81   Thumb Code     8  ferror.o(.text)
    __user_libspace                          0x08000c89   Thumb Code     8  libspace.o(.text)
    __user_perproc_libspace                  0x08000c89   Thumb Code     0  libspace.o(.text)
    __user_perthread_libspace                0x08000c89   Thumb Code     0  libspace.o(.text)
    __user_setup_stackheap                   0x08000c91   Thumb Code    74  sys_stackheap_outer.o(.text)
    exit                                     0x08000cdb   Thumb Code    18  exit.o(.text)
    strcmp                                   0x08000ced   Thumb Code   128  strcmpv7m.o(.text)
    _btod_d2e                                0x08000d6d   Thumb Code    62  btod.o(CL$$btod_d2e)
    _d2e_denorm_low                          0x08000dab   Thumb Code    70  btod.o(CL$$btod_d2e_denorm_low)
    _d2e_norm_op1                            0x08000df1   Thumb Code    96  btod.o(CL$$btod_d2e_norm_op1)
    __btod_div_common                        0x08000e51   Thumb Code   696  btod.o(CL$$btod_div_common)
    _e2e                                     0x08001189   Thumb Code   220  btod.o(CL$$btod_e2e)
    _btod_ediv                               0x08001265   Thumb Code    42  btod.o(CL$$btod_ediv)
    _btod_emul                               0x0800128f   Thumb Code    42  btod.o(CL$$btod_emul)
    __btod_mult_common                       0x080012b9   Thumb Code   580  btod.o(CL$$btod_mult_common)
    BusFault_Handler                         0x080014fd   Thumb Code     4  stm32f10x_it.o(i.BusFault_Handler)
    CO2_READ                                 0x08001501   Thumb Code    88  bsp_co2.o(i.CO2_READ)
    CO2_TEMP_BUF_Clear                       0x08001561   Thumb Code    22  bsp_co2.o(i.CO2_TEMP_BUF_Clear)
    Command_control                          0x0800157d   Thumb Code   256  main.o(i.Command_control)
    DebugMon_Handler                         0x08001681   Thumb Code     2  stm32f10x_it.o(i.DebugMon_Handler)
    EXTI15_10_IRQHandler                     0x08001685   Thumb Code    64  bsp_iosensor.o(i.EXTI15_10_IRQHandler)
    EXTI_ClearITPendingBit                   0x080016d5   Thumb Code     6  stm32f10x_exti.o(i.EXTI_ClearITPendingBit)
    EXTI_GetITStatus                         0x080016e1   Thumb Code    34  stm32f10x_exti.o(i.EXTI_GetITStatus)
    EXTI_Init                                0x08001709   Thumb Code   142  stm32f10x_exti.o(i.EXTI_Init)
    EXTI_Sensor_Init                         0x0800179d   Thumb Code   152  bsp_iosensor.o(i.EXTI_Sensor_Init)
    FSMC_NORSRAMCmd                          0x08001839   Thumb Code    46  stm32f10x_fsmc.o(i.FSMC_NORSRAMCmd)
    FSMC_NORSRAMInit                         0x0800186d   Thumb Code   230  stm32f10x_fsmc.o(i.FSMC_NORSRAMInit)
    GPIO_EXTILineConfig                      0x08001955   Thumb Code    60  stm32f10x_gpio.o(i.GPIO_EXTILineConfig)
    GPIO_Init                                0x08001995   Thumb Code   278  stm32f10x_gpio.o(i.GPIO_Init)
    GPIO_PinRemapConfig                      0x08001aad   Thumb Code   138  stm32f10x_gpio.o(i.GPIO_PinRemapConfig)
    GPIO_SetBits                             0x08001b3d   Thumb Code     4  stm32f10x_gpio.o(i.GPIO_SetBits)
    GetLuxValue                              0x08001b41   Thumb Code    30  bsp_opt3001.o(i.GetLuxValue)
    GetOPT3001DeviceID                       0x08001b5f   Thumb Code    16  bsp_opt3001.o(i.GetOPT3001DeviceID)
    GetOPT3001ManufacturerID                 0x08001b6f   Thumb Code    16  bsp_opt3001.o(i.GetOPT3001ManufacturerID)
    HardFault_Handler                        0x08001b81   Thumb Code    34  stm32f10x_it.o(i.HardFault_Handler)
    IIC_Ack                                  0x08001ba9   Thumb Code    66  bsp_i2c_gpio.o(i.IIC_Ack)
    IIC_NAck                                 0x08001bf9   Thumb Code    66  bsp_i2c_gpio.o(i.IIC_NAck)
    IIC_Read_Byte                            0x08001c49   Thumb Code    98  bsp_i2c_gpio.o(i.IIC_Read_Byte)
    IIC_Send_Byte                            0x08001cb9   Thumb Code   104  bsp_i2c_gpio.o(i.IIC_Send_Byte)
    IIC_Start                                0x08001d2d   Thumb Code    64  bsp_i2c_gpio.o(i.IIC_Start)
    IIC_Stop                                 0x08001d79   Thumb Code    62  bsp_i2c_gpio.o(i.IIC_Stop)
    IIC_Wait_Ack                             0x08001dc5   Thumb Code    86  bsp_i2c_gpio.o(i.IIC_Wait_Ack)
    Key_Control                              0x08001f49   Thumb Code    50  main.o(i.Key_Control)
    LCD_Clear                                0x08001f81   Thumb Code    44  bsp_nt35310_lcd.o(i.LCD_Clear)
    LCD_Display_Dir                          0x08001fb1   Thumb Code    76  bsp_nt35310_lcd.o(i.LCD_Display_Dir)
    LCD_DrawLine                             0x08002001   Thumb Code   176  bsp_nt35310_lcd.o(i.LCD_DrawLine)
    LCD_DrawPoint                            0x080020b1   Thumb Code    28  bsp_nt35310_lcd.o(i.LCD_DrawPoint)
    LCD_Fast_DrawPoint                       0x080020d1   Thumb Code    60  bsp_nt35310_lcd.o(i.LCD_Fast_DrawPoint)
    LCD_Fill                                 0x08002111   Thumb Code    80  bsp_nt35310_lcd.o(i.LCD_Fill)
    LCD_Pow                                  0x08002161   Thumb Code    22  bsp_nt35310_lcd.o(i.LCD_Pow)
    LCD_RD_DATA                              0x08002179   Thumb Code     6  bsp_nt35310_lcd.o(i.LCD_RD_DATA)
    LCD_Scan_Dir                             0x08002185   Thumb Code   290  bsp_nt35310_lcd.o(i.LCD_Scan_Dir)
    LCD_SetCursor                            0x080022ad   Thumb Code    48  bsp_nt35310_lcd.o(i.LCD_SetCursor)
    LCD_ShowChar                             0x080022e1   Thumb Code   272  bsp_nt35310_lcd.o(i.LCD_ShowChar)
    LCD_ShowNum                              0x08002409   Thumb Code   148  bsp_nt35310_lcd.o(i.LCD_ShowNum)
    LCD_ShowString                           0x0800249d   Thumb Code   102  bsp_nt35310_lcd.o(i.LCD_ShowString)
    LCD_WR_DATA                              0x08002505   Thumb Code     6  bsp_nt35310_lcd.o(i.LCD_WR_DATA)
    LCD_WR_REG                               0x08002511   Thumb Code     6  bsp_nt35310_lcd.o(i.LCD_WR_REG)
    LCD_WriteRAM_Prepare                     0x0800251d   Thumb Code    12  bsp_nt35310_lcd.o(i.LCD_WriteRAM_Prepare)
    LCD_WriteReg                             0x0800252d   Thumb Code    20  bsp_nt35310_lcd.o(i.LCD_WriteReg)
    MemManage_Handler                        0x08002541   Thumb Code     4  stm32f10x_it.o(i.MemManage_Handler)
    NMI_Handler                              0x08002545   Thumb Code     2  stm32f10x_it.o(i.NMI_Handler)
    NVIC_Init                                0x08003435   Thumb Code   100  misc.o(i.NVIC_Init)
    NVIC_PriorityGroupConfig                 0x080034a5   Thumb Code    10  misc.o(i.NVIC_PriorityGroupConfig)
    Nt_DisPlay                               0x080034b9   Thumb Code  1172  main.o(i.Nt_DisPlay)
    OPT3001Config                            0x0800394d   Thumb Code    14  bsp_opt3001.o(i.OPT3001Config)
    OPT3001Multiple_read                     0x0800395b   Thumb Code    88  bsp_opt3001.o(i.OPT3001Multiple_read)
    Opt3001WriteRegister                     0x080039b3   Thumb Code    56  bsp_opt3001.o(i.Opt3001WriteRegister)
    PM25_READ                                0x080039ed   Thumb Code    88  bsp_pm2.5.o(i.PM25_READ)
    PM25_TEMP_BUF_Clear                      0x08003a4d   Thumb Code    22  bsp_pm2.5.o(i.PM25_TEMP_BUF_Clear)
    PendSV_Handler                           0x08003a69   Thumb Code     2  stm32f10x_it.o(i.PendSV_Handler)
    RCC_AHBPeriphClockCmd                    0x08003c59   Thumb Code    26  stm32f10x_rcc.o(i.RCC_AHBPeriphClockCmd)
    RCC_APB1PeriphClockCmd                   0x08003c79   Thumb Code    26  stm32f10x_rcc.o(i.RCC_APB1PeriphClockCmd)
    RCC_APB1PeriphResetCmd                   0x08003c99   Thumb Code    26  stm32f10x_rcc.o(i.RCC_APB1PeriphResetCmd)
    RCC_APB2PeriphClockCmd                   0x08003cb9   Thumb Code    26  stm32f10x_rcc.o(i.RCC_APB2PeriphClockCmd)
    RCC_GetClocksFreq                        0x08003cd9   Thumb Code   192  stm32f10x_rcc.o(i.RCC_GetClocksFreq)
    SENSOR_IO_Init                           0x08003dad   Thumb Code    80  bsp_iosensor.o(i.SENSOR_IO_Init)
    SHT3X_GetValue                           0x08003e09   Thumb Code   204  bsp_sht30.o(i.SHT3X_GetValue)
    SHT3X_SetPeriodicMeasurement             0x08003ef5   Thumb Code    12  bsp_sht30.o(i.SHT3X_SetPeriodicMeasurement)
    SHT3X_WriteCMD                           0x08003f01   Thumb Code    50  bsp_sht30.o(i.SHT3X_WriteCMD)
    SHX3X_ReadResults                        0x08003f33   Thumb Code   114  bsp_sht30.o(i.SHX3X_ReadResults)
    SVC_Handler                              0x08003fa5   Thumb Code     2  stm32f10x_it.o(i.SVC_Handler)
    Show_Chinese32                           0x08004091   Thumb Code   166  bsp_nt35310_lcd.o(i.Show_Chinese32)
    Show_L                                   0x0800413d   Thumb Code   700  main.o(i.Show_L)
    SysTick_Handler                          0x08004429   Thumb Code     8  bsp_timer.o(i.SysTick_Handler)
    SysTick_ISR                              0x08004431   Thumb Code   110  bsp_timer.o(i.SysTick_ISR)
    SystemInit                               0x080044b5   Thumb Code    78  system_stm32f10x.o(i.SystemInit)
    TFTLCD_Init                              0x08004725   Thumb Code   102  bsp_nt35310_lcd.o(i.TFTLCD_Init)
    UART4_IRQHandler                         0x08004795   Thumb Code    50  bsp_uart4.o(i.UART4_IRQHandler)
    UART4_Receive_Data                       0x080047d5   Thumb Code    68  bsp_uart4.o(i.UART4_Receive_Data)
    UART4_Send_Data                          0x08004821   Thumb Code    62  bsp_uart4.o(i.UART4_Send_Data)
    UART5_IRQHandler                         0x08004869   Thumb Code    50  bsp_uart5.o(i.UART5_IRQHandler)
    UART5_Receive_Data                       0x080048a9   Thumb Code    68  bsp_uart5.o(i.UART5_Receive_Data)
    UART5_Send_Data                          0x080048f5   Thumb Code    62  bsp_uart5.o(i.UART5_Send_Data)
    USART1_IRQHandler                        0x0800493d   Thumb Code    74  bsp_uart.o(i.USART1_IRQHandler)
    USART1_Send_Data                         0x08004999   Thumb Code    56  bsp_uart.o(i.USART1_Send_Data)
    USART2_IRQHandler                        0x080049d5   Thumb Code    56  bsp_uart2.o(i.USART2_IRQHandler)
    USART2_Send_Data                         0x08004a1d   Thumb Code    62  bsp_uart2.o(i.USART2_Send_Data)
    USART_Cmd                                0x08004a65   Thumb Code    24  stm32f10x_usart.o(i.USART_Cmd)
    USART_GetFlagStatus                      0x08004a7d   Thumb Code    26  stm32f10x_usart.o(i.USART_GetFlagStatus)
    USART_GetITStatus                        0x08004a97   Thumb Code    84  stm32f10x_usart.o(i.USART_GetITStatus)
    USART_ITConfig                           0x08004aeb   Thumb Code    74  stm32f10x_usart.o(i.USART_ITConfig)
    USART_Init                               0x08004b35   Thumb Code   210  stm32f10x_usart.o(i.USART_Init)
    USART_ReceiveData                        0x08004c0d   Thumb Code    10  stm32f10x_usart.o(i.USART_ReceiveData)
    USART_SendData                           0x08004c17   Thumb Code     8  stm32f10x_usart.o(i.USART_SendData)
    Uart0_STA_Clr                            0x08004c21   Thumb Code    12  bsp_uart.o(i.Uart0_STA_Clr)
    Uart2_STA_Clr                            0x08004c35   Thumb Code    12  bsp_uart2.o(i.Uart2_STA_Clr)
    UsageFault_Handler                       0x08004c49   Thumb Code     4  stm32f10x_it.o(i.UsageFault_Handler)
    WWDG_ClearFlag                           0x08004c4d   Thumb Code     8  stm32f10x_wwdg.o(i.WWDG_ClearFlag)
    WWDG_GetFlagStatus                       0x08004c59   Thumb Code     8  stm32f10x_wwdg.o(i.WWDG_GetFlagStatus)
    WWDG_IRQHandler                          0x08004c65   Thumb Code    20  bsp_wwdg.o(i.WWDG_IRQHandler)
    WWDG_SetCounter                          0x08004c79   Thumb Code    10  stm32f10x_wwdg.o(i.WWDG_SetCounter)
    __ARM_fpclassify                         0x08004c89   Thumb Code    40  fpclassify.o(i.__ARM_fpclassify)
    _is_digit                                0x08004cb7   Thumb Code    14  __printf_wp.o(i._is_digit)
    _sys_exit                                0x08004cc5   Thumb Code     4  bsp_uart.o(i._sys_exit)
    bsp_BeepOff                              0x08004cc9   Thumb Code     8  bsp_beep.o(i.bsp_BeepOff)
    bsp_BeepOn                               0x08004cd5   Thumb Code     8  bsp_beep.o(i.bsp_BeepOn)
    bsp_CheckTimer                           0x08004ce1   Thumb Code    48  bsp_timer.o(i.bsp_CheckTimer)
    bsp_DelayMS                              0x08004d15   Thumb Code    58  bsp_timer.o(i.bsp_DelayMS)
    bsp_DelayUS                              0x08004d59   Thumb Code    76  bsp_timer.o(i.bsp_DelayUS)
    bsp_FanOff                               0x08004e79   Thumb Code    26  bsp_fan.o(i.bsp_FanOff)
    bsp_FanOn                                0x08004e99   Thumb Code    26  bsp_fan.o(i.bsp_FanOn)
    bsp_GetKey                               0x08004eb9   Thumb Code    46  bsp_key.o(i.bsp_GetKey)
    bsp_Idle                                 0x08004eed   Thumb Code     2  bsp.o(i.bsp_Idle)
    bsp_Init                                 0x08004eef   Thumb Code    36  bsp.o(i.bsp_Init)
    bsp_InitBeep                             0x08004f15   Thumb Code    38  bsp_beep.o(i.bsp_InitBeep)
    bsp_InitFan                              0x08004f41   Thumb Code    66  bsp_fan.o(i.bsp_InitFan)
    bsp_InitI2C                              0x08004f89   Thumb Code    92  bsp_i2c_gpio.o(i.bsp_InitI2C)
    bsp_InitIoSensor                         0x08004fe9   Thumb Code    12  bsp_iosensor.o(i.bsp_InitIoSensor)
    bsp_InitKey                              0x08004ff5   Thumb Code    12  bsp_key.o(i.bsp_InitKey)
    bsp_InitLed                              0x080050f1   Thumb Code    80  bsp_led.o(i.bsp_InitLed)
    bsp_InitOpt3001                          0x08005149   Thumb Code    62  bsp_opt3001.o(i.bsp_InitOpt3001)
    bsp_InitRelay                            0x08005189   Thumb Code   104  bsp_relay.o(i.bsp_InitRelay)
    bsp_InitSht3x                            0x080051f5   Thumb Code    20  bsp_sht30.o(i.bsp_InitSht3x)
    bsp_InitTimer                            0x08005209   Thumb Code   138  bsp_timer.o(i.bsp_InitTimer)
    bsp_InitUART5                            0x080052a5   Thumb Code   174  bsp_uart5.o(i.bsp_InitUART5)
    bsp_InitUart1                            0x08005361   Thumb Code   170  bsp_uart.o(i.bsp_InitUart1)
    bsp_InitUart2                            0x08005415   Thumb Code   174  bsp_uart2.o(i.bsp_InitUart2)
    bsp_InitUart4                            0x080054cd   Thumb Code   170  bsp_uart4.o(i.bsp_InitUart4)
    bsp_KeyScan                              0x08005581   Thumb Code    22  bsp_key.o(i.bsp_KeyScan)
    bsp_LedOff                               0x08005599   Thumb Code    24  bsp_led.o(i.bsp_LedOff)
    bsp_LedOn                                0x080055b9   Thumb Code    24  bsp_led.o(i.bsp_LedOn)
    bsp_LedToggle                            0x080055d9   Thumb Code    36  bsp_led.o(i.bsp_LedToggle)
    bsp_PutKey                               0x08005605   Thumb Code    28  bsp_key.o(i.bsp_PutKey)
    bsp_RelayOff                             0x08005625   Thumb Code    54  bsp_relay.o(i.bsp_RelayOff)
    bsp_RelayOn                              0x08005661   Thumb Code    54  bsp_relay.o(i.bsp_RelayOn)
    bsp_RunPer10ms                           0x0800569d   Thumb Code     8  bsp.o(i.bsp_RunPer10ms)
    bsp_RunPer1ms                            0x080056a5   Thumb Code     2  bsp.o(i.bsp_RunPer1ms)
    bsp_StartAutoTimer                       0x080056c5   Thumb Code    74  bsp_timer.o(i.bsp_StartAutoTimer)
    bsp_StartTimer                           0x08005715   Thumb Code    70  bsp_timer.o(i.bsp_StartTimer)
    bsp_StopTimer                            0x08005761   Thumb Code    56  bsp_timer.o(i.bsp_StopTimer)
    data_static                              0x0800579d   Thumb Code   178  main.o(i.data_static)
    delay_ms                                 0x0800589d   Thumb Code    12  bsp.o(i.delay_ms)
    delay_us                                 0x080058a9   Thumb Code    12  bsp.o(i.delay_us)
    fengshan_temp                            0x080058b5   Thumb Code   136  main.o(i.fengshan_temp)
    flag_chuli                               0x08005955   Thumb Code   144  main.o(i.flag_chuli)
    fputc                                    0x080059f1   Thumb Code    24  bsp_uart.o(i.fputc)
    getCheckSum                              0x08005a0d   Thumb Code    32  bsp_co2.o(i.getCheckSum)
    getchecksum1                             0x08005a2d   Thumb Code    32  bsp_pm2.5.o(i.getchecksum1)
    main                                     0x08005a4d   Thumb Code   186  main.o(i.main)
    usart2_cmd_receive                       0x08005b1d   Thumb Code    24  main.o(i.usart2_cmd_receive)
    _get_lc_numeric                          0x08005b41   Thumb Code    44  lc_numeric_c.o(locale$$code)
    __aeabi_d2f                              0x08005b6d   Thumb Code     0  d2f.o(x$fpl$d2f)
    _d2f                                     0x08005b6d   Thumb Code    98  d2f.o(x$fpl$d2f)
    __aeabi_dadd                             0x08005bd1   Thumb Code     0  daddsub_clz.o(x$fpl$dadd)
    _dadd                                    0x08005bd1   Thumb Code   332  daddsub_clz.o(x$fpl$dadd)
    __aeabi_ddiv                             0x08005d21   Thumb Code     0  ddiv.o(x$fpl$ddiv)
    _ddiv                                    0x08005d21   Thumb Code   552  ddiv.o(x$fpl$ddiv)
    __aeabi_ui2d                             0x08005fd1   Thumb Code     0  dflt_clz.o(x$fpl$dfltu)
    _dfltu                                   0x08005fd1   Thumb Code    38  dflt_clz.o(x$fpl$dfltu)
    __aeabi_dmul                             0x08005ff9   Thumb Code     0  dmul.o(x$fpl$dmul)
    _dmul                                    0x08005ff9   Thumb Code   332  dmul.o(x$fpl$dmul)
    __fpl_dnaninf                            0x0800614d   Thumb Code   156  dnaninf.o(x$fpl$dnaninf)
    __fpl_dretinf                            0x080061e9   Thumb Code    12  dretinf.o(x$fpl$dretinf)
    __aeabi_dsub                             0x080061f5   Thumb Code     0  daddsub_clz.o(x$fpl$dsub)
    _dsub                                    0x080061f5   Thumb Code   464  daddsub_clz.o(x$fpl$dsub)
    __aeabi_f2d                              0x080063c9   Thumb Code     0  f2d.o(x$fpl$f2d)
    _f2d                                     0x080063c9   Thumb Code    86  f2d.o(x$fpl$f2d)
    __fpl_fcmp_Inf                           0x0800641f   Thumb Code    24  fcmpi.o(x$fpl$fcmpinf)
    __aeabi_fdiv                             0x08006439   Thumb Code     0  fdiv.o(x$fpl$fdiv)
    _fdiv                                    0x08006439   Thumb Code   384  fdiv.o(x$fpl$fdiv)
    __aeabi_ui2f                             0x080065bd   Thumb Code     0  fflt_clz.o(x$fpl$ffltu)
    _ffltu                                   0x080065bd   Thumb Code    38  fflt_clz.o(x$fpl$ffltu)
    __aeabi_cfcmple                          0x080065e5   Thumb Code     0  fleqf.o(x$fpl$fleqf)
    _fcmple                                  0x080065e5   Thumb Code   104  fleqf.o(x$fpl$fleqf)
    __fpl_fcmple_InfNaN                      0x08006637   Thumb Code     0  fleqf.o(x$fpl$fleqf)
    __fpl_fnaninf                            0x0800664d   Thumb Code   140  fnaninf.o(x$fpl$fnaninf)
    __fpl_fretinf                            0x080066d9   Thumb Code    10  fretinf.o(x$fpl$fretinf)
    __aeabi_cfrcmple                         0x080066e3   Thumb Code     0  frleqf.o(x$fpl$frleqf)
    _frcmple                                 0x080066e3   Thumb Code    98  frleqf.o(x$fpl$frleqf)
    _printf_fp_dec                           0x08006745   Thumb Code     4  printf1.o(x$fpl$printf1)
    __I$use$fp                               0x08006748   Number         0  usenofp.o(x$fpl$usenofp)
    asc2_1206                                0x08006751   Data        1140  bsp_nt35310_lcd.o(.constdata)
    asc2_1608                                0x08006bc5   Data        1520  bsp_nt35310_lcd.o(.constdata)
    asc2_2412                                0x080071b5   Data        3420  bsp_nt35310_lcd.o(.constdata)
    hz32                                     0x08007f11   Data        9405  bsp_nt35310_lcd.o(.constdata)
    Region$$Table$$Base                      0x0800a4f0   Number         0  anon$$obj.o(Region$$Table)
    Region$$Table$$Limit                     0x0800a510   Number         0  anon$$obj.o(Region$$Table)
    co2_value                                0x20000000   Data           2  main.o(.data)
    lux                                      0x20000004   Data           4  main.o(.data)
    PM25_value                               0x20000008   Data           2  main.o(.data)
    temp_max                                 0x2000000a   Data           1  main.o(.data)
    temp_min                                 0x2000000b   Data           1  main.o(.data)
    VIA_fla                                  0x2000000c   Data           1  main.o(.data)
    FIR_fla                                  0x2000000d   Data           1  main.o(.data)
    ceive                                    0x2000000e   Data           1  main.o(.data)
    g_iRunTime                               0x20000018   Data           4  bsp_timer.o(.data)
    ReceiveState                             0x20000020   Data           1  bsp_uart.o(.data)
    RxCounter                                0x20000022   Data           2  bsp_uart.o(.data)
    __stdout                                 0x20000024   Data           4  bsp_uart.o(.data)
    UART4_RX_CNT                             0x20000028   Data           1  bsp_uart4.o(.data)
    VIBRATE_OUT_flag                         0x20000029   Data           1  bsp_iosensor.o(.data)
    PIR_OUT_flag                             0x2000002a   Data           1  bsp_iosensor.o(.data)
    POINT_COLOR                              0x2000002c   Data           2  bsp_nt35310_lcd.o(.data)
    BACK_COLOR                               0x2000002e   Data           2  bsp_nt35310_lcd.o(.data)
    Tem_Value                                0x20000030   Data           4  bsp_sht30.o(.data)
    RH_Value                                 0x20000034   Data           4  bsp_sht30.o(.data)
    UART5_RX_CNT                             0x20000038   Data           1  bsp_uart5.o(.data)
    ReceiveState2                            0x20000039   Data           1  bsp_uart2.o(.data)
    USART2_RX_CNT                            0x2000003a   Data           1  bsp_uart2.o(.data)
    SystemCoreClock                          0x2000003c   Data           4  system_stm32f10x.o(.data)
    AHBPrescTable                            0x20000040   Data          16  system_stm32f10x.o(.data)
    USART_RX_BUF                             0x20000101   Data        1024  bsp_uart.o(.bss)
    UART4_RX_BUF                             0x20000501   Data          64  bsp_uart4.o(.bss)
    CO2_TEMP_BUF                             0x20000541   Data          10  bsp_co2.o(.bss)
    lcddev                                   0x2000054c   Data          14  bsp_nt35310_lcd.o(.bss)
    UART5_RX_BUF                             0x2000055a   Data          64  bsp_uart5.o(.bss)
    PM25_TEMP_BUF                            0x2000059a   Data          10  bsp_pm2.5.o(.bss)
    USART2_RX_BUF                            0x200005a4   Data          64  bsp_uart2.o(.bss)
    __libspace_start                         0x200005e4   Data          96  libspace.o(.bss)
    __temporary_stack_top$libspace           0x20000644   Data           0  libspace.o(.bss)



==============================================================================

Memory Map of the image

  Image Entry point : 0x08000131

  Load Region LR_IROM1 (Base: 0x08000000, Size: 0x0000a590, Max: 0x00080000, ABSOLUTE)

    Execution Region ER_IROM1 (Exec base: 0x08000000, Load base: 0x08000000, Size: 0x0000a52c, Max: 0x00080000, ABSOLUTE)

    Exec Addr    Load Addr    Size         Type   Attr      Idx    E Section Name        Object

    0x08000000   0x08000000   0x00000130   Data   RO         1690    RESET               startup_stm32f10x_hd.o
    0x08000130   0x08000130   0x00000008   Code   RO         3369  * !!!main             c_w.l(__main.o)
    0x08000138   0x08000138   0x00000034   Code   RO         3639    !!!scatter          c_w.l(__scatter.o)
    0x0800016c   0x0800016c   0x0000001a   Code   RO         3641    !!handler_copy      c_w.l(__scatter_copy.o)
    0x08000186   0x08000186   0x00000002   PAD
    0x08000188   0x08000188   0x0000001c   Code   RO         3643    !!handler_zi        c_w.l(__scatter_zi.o)
    0x080001a4   0x080001a4   0x00000000   Code   RO         3366    .ARM.Collect$$_printf_percent$$00000000  c_w.l(_printf_percent.o)
    0x080001a4   0x080001a4   0x00000006   Code   RO         3365    .ARM.Collect$$_printf_percent$$00000003  c_w.l(_printf_f.o)
    0x080001aa   0x080001aa   0x00000006   Code   RO         3364    .ARM.Collect$$_printf_percent$$00000009  c_w.l(_printf_d.o)
    0x080001b0   0x080001b0   0x00000006   Code   RO         3363    .ARM.Collect$$_printf_percent$$0000000C  c_w.l(_printf_x.o)
    0x080001b6   0x080001b6   0x00000006   Code   RO         3362    .ARM.Collect$$_printf_percent$$00000014  c_w.l(_printf_s.o)
    0x080001bc   0x080001bc   0x00000004   Code   RO         3428    .ARM.Collect$$_printf_percent$$00000017  c_w.l(_printf_percent_end.o)
    0x080001c0   0x080001c0   0x00000002   Code   RO         3516    .ARM.Collect$$libinit$$00000000  c_w.l(libinit.o)
    0x080001c2   0x080001c2   0x00000000   Code   RO         3518    .ARM.Collect$$libinit$$00000002  c_w.l(libinit2.o)
    0x080001c2   0x080001c2   0x00000000   Code   RO         3520    .ARM.Collect$$libinit$$00000004  c_w.l(libinit2.o)
    0x080001c2   0x080001c2   0x00000000   Code   RO         3523    .ARM.Collect$$libinit$$0000000A  c_w.l(libinit2.o)
    0x080001c2   0x080001c2   0x00000000   Code   RO         3525    .ARM.Collect$$libinit$$0000000C  c_w.l(libinit2.o)
    0x080001c2   0x080001c2   0x00000000   Code   RO         3527    .ARM.Collect$$libinit$$0000000E  c_w.l(libinit2.o)
    0x080001c2   0x080001c2   0x00000006   Code   RO         3528    .ARM.Collect$$libinit$$0000000F  c_w.l(libinit2.o)
    0x080001c8   0x080001c8   0x00000000   Code   RO         3530    .ARM.Collect$$libinit$$00000011  c_w.l(libinit2.o)
    0x080001c8   0x080001c8   0x00000000   Code   RO         3532    .ARM.Collect$$libinit$$00000013  c_w.l(libinit2.o)
    0x080001c8   0x080001c8   0x00000000   Code   RO         3534    .ARM.Collect$$libinit$$00000015  c_w.l(libinit2.o)
    0x080001c8   0x080001c8   0x0000000a   Code   RO         3535    .ARM.Collect$$libinit$$00000016  c_w.l(libinit2.o)
    0x080001d2   0x080001d2   0x00000000   Code   RO         3536    .ARM.Collect$$libinit$$00000017  c_w.l(libinit2.o)
    0x080001d2   0x080001d2   0x00000000   Code   RO         3538    .ARM.Collect$$libinit$$00000019  c_w.l(libinit2.o)
    0x080001d2   0x080001d2   0x00000000   Code   RO         3540    .ARM.Collect$$libinit$$0000001B  c_w.l(libinit2.o)
    0x080001d2   0x080001d2   0x00000000   Code   RO         3542    .ARM.Collect$$libinit$$0000001D  c_w.l(libinit2.o)
    0x080001d2   0x080001d2   0x00000000   Code   RO         3544    .ARM.Collect$$libinit$$0000001F  c_w.l(libinit2.o)
    0x080001d2   0x080001d2   0x00000000   Code   RO         3546    .ARM.Collect$$libinit$$00000021  c_w.l(libinit2.o)
    0x080001d2   0x080001d2   0x00000000   Code   RO         3548    .ARM.Collect$$libinit$$00000023  c_w.l(libinit2.o)
    0x080001d2   0x080001d2   0x00000000   Code   RO         3550    .ARM.Collect$$libinit$$00000025  c_w.l(libinit2.o)
    0x080001d2   0x080001d2   0x00000000   Code   RO         3554    .ARM.Collect$$libinit$$0000002C  c_w.l(libinit2.o)
    0x080001d2   0x080001d2   0x00000000   Code   RO         3556    .ARM.Collect$$libinit$$0000002E  c_w.l(libinit2.o)
    0x080001d2   0x080001d2   0x00000000   Code   RO         3558    .ARM.Collect$$libinit$$00000030  c_w.l(libinit2.o)
    0x080001d2   0x080001d2   0x00000000   Code   RO         3560    .ARM.Collect$$libinit$$00000032  c_w.l(libinit2.o)
    0x080001d2   0x080001d2   0x00000002   Code   RO         3561    .ARM.Collect$$libinit$$00000033  c_w.l(libinit2.o)
    0x080001d4   0x080001d4   0x00000002   Code   RO         3589    .ARM.Collect$$libshutdown$$00000000  c_w.l(libshutdown.o)
    0x080001d6   0x080001d6   0x00000000   Code   RO         3598    .ARM.Collect$$libshutdown$$00000002  c_w.l(libshutdown2.o)
    0x080001d6   0x080001d6   0x00000000   Code   RO         3600    .ARM.Collect$$libshutdown$$00000004  c_w.l(libshutdown2.o)
    0x080001d6   0x080001d6   0x00000000   Code   RO         3603    .ARM.Collect$$libshutdown$$00000007  c_w.l(libshutdown2.o)
    0x080001d6   0x080001d6   0x00000000   Code   RO         3606    .ARM.Collect$$libshutdown$$0000000A  c_w.l(libshutdown2.o)
    0x080001d6   0x080001d6   0x00000000   Code   RO         3608    .ARM.Collect$$libshutdown$$0000000C  c_w.l(libshutdown2.o)
    0x080001d6   0x080001d6   0x00000000   Code   RO         3611    .ARM.Collect$$libshutdown$$0000000F  c_w.l(libshutdown2.o)
    0x080001d6   0x080001d6   0x00000002   Code   RO         3612    .ARM.Collect$$libshutdown$$00000010  c_w.l(libshutdown2.o)
    0x080001d8   0x080001d8   0x00000000   Code   RO         3415    .ARM.Collect$$rtentry$$00000000  c_w.l(__rtentry.o)
    0x080001d8   0x080001d8   0x00000000   Code   RO         3441    .ARM.Collect$$rtentry$$00000002  c_w.l(__rtentry2.o)
    0x080001d8   0x080001d8   0x00000006   Code   RO         3453    .ARM.Collect$$rtentry$$00000004  c_w.l(__rtentry4.o)
    0x080001de   0x080001de   0x00000000   Code   RO         3443    .ARM.Collect$$rtentry$$00000009  c_w.l(__rtentry2.o)
    0x080001de   0x080001de   0x00000004   Code   RO         3444    .ARM.Collect$$rtentry$$0000000A  c_w.l(__rtentry2.o)
    0x080001e2   0x080001e2   0x00000000   Code   RO         3446    .ARM.Collect$$rtentry$$0000000C  c_w.l(__rtentry2.o)
    0x080001e2   0x080001e2   0x00000008   Code   RO         3447    .ARM.Collect$$rtentry$$0000000D  c_w.l(__rtentry2.o)
    0x080001ea   0x080001ea   0x00000002   Code   RO         3562    .ARM.Collect$$rtexit$$00000000  c_w.l(rtexit.o)
    0x080001ec   0x080001ec   0x00000000   Code   RO         3569    .ARM.Collect$$rtexit$$00000002  c_w.l(rtexit2.o)
    0x080001ec   0x080001ec   0x00000004   Code   RO         3570    .ARM.Collect$$rtexit$$00000003  c_w.l(rtexit2.o)
    0x080001f0   0x080001f0   0x00000006   Code   RO         3571    .ARM.Collect$$rtexit$$00000004  c_w.l(rtexit2.o)
    0x080001f6   0x080001f6   0x00000002   PAD
    0x080001f8   0x080001f8   0x00000040   Code   RO         1691    .text               startup_stm32f10x_hd.o
    0x08000238   0x08000238   0x00000002   Code   RO         3303    .text               c_w.l(use_no_semi_2.o)
    0x0800023a   0x0800023a   0x00000002   PAD
    0x0800023c   0x0800023c   0x00000018   Code   RO         3309    .text               c_w.l(noretval__2printf.o)
    0x08000254   0x08000254   0x00000028   Code   RO         3311    .text               c_w.l(noretval__2sprintf.o)
    0x0800027c   0x0800027c   0x0000004e   Code   RO         3315    .text               c_w.l(_printf_pad.o)
    0x080002ca   0x080002ca   0x00000052   Code   RO         3317    .text               c_w.l(_printf_str.o)
    0x0800031c   0x0800031c   0x00000078   Code   RO         3319    .text               c_w.l(_printf_dec.o)
    0x08000394   0x08000394   0x00000058   Code   RO         3324    .text               c_w.l(_printf_hex_int.o)
    0x080003ec   0x080003ec   0x00000138   Code   RO         3354    .text               c_w.l(__printf_flags_wp.o)
    0x08000524   0x08000524   0x00000006   Code   RO         3367    .text               c_w.l(heapauxi.o)
    0x0800052a   0x0800052a   0x00000002   Code   RO         3413    .text               c_w.l(use_no_semi.o)
    0x0800052c   0x0800052c   0x000000b2   Code   RO         3416    .text               c_w.l(_printf_intcommon.o)
    0x080005de   0x080005de   0x0000041e   Code   RO         3418    .text               c_w.l(_printf_fp_dec.o)
    0x080009fc   0x080009fc   0x00000030   Code   RO         3420    .text               c_w.l(_printf_char_common.o)
    0x08000a2c   0x08000a2c   0x0000000a   Code   RO         3422    .text               c_w.l(_sputc.o)
    0x08000a36   0x08000a36   0x0000002c   Code   RO         3424    .text               c_w.l(_printf_char.o)
    0x08000a62   0x08000a62   0x00000002   PAD
    0x08000a64   0x08000a64   0x00000024   Code   RO         3426    .text               c_w.l(_printf_char_file.o)
    0x08000a88   0x08000a88   0x00000008   Code   RO         3458    .text               c_w.l(rt_locale_intlibspace.o)
    0x08000a90   0x08000a90   0x0000008a   Code   RO         3460    .text               c_w.l(lludiv10.o)
    0x08000b1a   0x08000b1a   0x00000002   PAD
    0x08000b1c   0x08000b1c   0x00000080   Code   RO         3462    .text               c_w.l(_printf_fp_infnan.o)
    0x08000b9c   0x08000b9c   0x000000e4   Code   RO         3466    .text               c_w.l(bigflt0.o)
    0x08000c80   0x08000c80   0x00000008   Code   RO         3491    .text               c_w.l(ferror.o)
    0x08000c88   0x08000c88   0x00000008   Code   RO         3502    .text               c_w.l(libspace.o)
    0x08000c90   0x08000c90   0x0000004a   Code   RO         3505    .text               c_w.l(sys_stackheap_outer.o)
    0x08000cda   0x08000cda   0x00000012   Code   RO         3507    .text               c_w.l(exit.o)
    0x08000cec   0x08000cec   0x00000080   Code   RO         3509    .text               c_w.l(strcmpv7m.o)
    0x08000d6c   0x08000d6c   0x0000003e   Code   RO         3469    CL$$btod_d2e        c_w.l(btod.o)
    0x08000daa   0x08000daa   0x00000046   Code   RO         3471    CL$$btod_d2e_denorm_low  c_w.l(btod.o)
    0x08000df0   0x08000df0   0x00000060   Code   RO         3470    CL$$btod_d2e_norm_op1  c_w.l(btod.o)
    0x08000e50   0x08000e50   0x00000338   Code   RO         3479    CL$$btod_div_common  c_w.l(btod.o)
    0x08001188   0x08001188   0x000000dc   Code   RO         3476    CL$$btod_e2e        c_w.l(btod.o)
    0x08001264   0x08001264   0x0000002a   Code   RO         3473    CL$$btod_ediv       c_w.l(btod.o)
    0x0800128e   0x0800128e   0x0000002a   Code   RO         3472    CL$$btod_emul       c_w.l(btod.o)
    0x080012b8   0x080012b8   0x00000244   Code   RO         3478    CL$$btod_mult_common  c_w.l(btod.o)
    0x080014fc   0x080014fc   0x00000004   Code   RO         1586    i.BusFault_Handler  stm32f10x_it.o
    0x08001500   0x08001500   0x00000060   Code   RO          843    i.CO2_READ          bsp_co2.o
    0x08001560   0x08001560   0x0000001c   Code   RO          844    i.CO2_TEMP_BUF_Clear  bsp_co2.o
    0x0800157c   0x0800157c   0x00000104   Code   RO            1    i.Command_control   main.o
    0x08001680   0x08001680   0x00000002   Code   RO         1587    i.DebugMon_Handler  stm32f10x_it.o
    0x08001682   0x08001682   0x00000002   PAD
    0x08001684   0x08001684   0x00000050   Code   RO          871    i.EXTI15_10_IRQHandler  bsp_iosensor.o
    0x080016d4   0x080016d4   0x0000000c   Code   RO         3128    i.EXTI_ClearITPendingBit  stm32f10x_exti.o
    0x080016e0   0x080016e0   0x00000028   Code   RO         3132    i.EXTI_GetITStatus  stm32f10x_exti.o
    0x08001708   0x08001708   0x00000094   Code   RO         3133    i.EXTI_Init         stm32f10x_exti.o
    0x0800179c   0x0800179c   0x0000009c   Code   RO          872    i.EXTI_Sensor_Init  bsp_iosensor.o
    0x08001838   0x08001838   0x00000034   Code   RO         3192    i.FSMC_NORSRAMCmd   stm32f10x_fsmc.o
    0x0800186c   0x0800186c   0x000000e6   Code   RO         3194    i.FSMC_NORSRAMInit  stm32f10x_fsmc.o
    0x08001952   0x08001952   0x00000002   PAD
    0x08001954   0x08001954   0x00000040   Code   RO         1770    i.GPIO_EXTILineConfig  stm32f10x_gpio.o
    0x08001994   0x08001994   0x00000116   Code   RO         1773    i.GPIO_Init         stm32f10x_gpio.o
    0x08001aaa   0x08001aaa   0x00000002   PAD
    0x08001aac   0x08001aac   0x00000090   Code   RO         1775    i.GPIO_PinRemapConfig  stm32f10x_gpio.o
    0x08001b3c   0x08001b3c   0x00000004   Code   RO         1781    i.GPIO_SetBits      stm32f10x_gpio.o
    0x08001b40   0x08001b40   0x0000001e   Code   RO         1341    i.GetLuxValue       bsp_opt3001.o
    0x08001b5e   0x08001b5e   0x00000010   Code   RO         1342    i.GetOPT3001DeviceID  bsp_opt3001.o
    0x08001b6e   0x08001b6e   0x00000010   Code   RO         1343    i.GetOPT3001ManufacturerID  bsp_opt3001.o
    0x08001b7e   0x08001b7e   0x00000002   PAD
    0x08001b80   0x08001b80   0x00000028   Code   RO         1588    i.HardFault_Handler  stm32f10x_it.o
    0x08001ba8   0x08001ba8   0x00000050   Code   RO         1119    i.IIC_Ack           bsp_i2c_gpio.o
    0x08001bf8   0x08001bf8   0x00000050   Code   RO         1120    i.IIC_NAck          bsp_i2c_gpio.o
    0x08001c48   0x08001c48   0x00000070   Code   RO         1121    i.IIC_Read_Byte     bsp_i2c_gpio.o
    0x08001cb8   0x08001cb8   0x00000074   Code   RO         1122    i.IIC_Send_Byte     bsp_i2c_gpio.o
    0x08001d2c   0x08001d2c   0x0000004c   Code   RO         1123    i.IIC_Start         bsp_i2c_gpio.o
    0x08001d78   0x08001d78   0x0000004c   Code   RO         1124    i.IIC_Stop          bsp_i2c_gpio.o
    0x08001dc4   0x08001dc4   0x00000064   Code   RO         1125    i.IIC_Wait_Ack      bsp_i2c_gpio.o
    0x08001e28   0x08001e28   0x00000030   Code   RO          477    i.IsKeyDown1        bsp_key.o
    0x08001e58   0x08001e58   0x00000030   Code   RO          478    i.IsKeyDown2        bsp_key.o
    0x08001e88   0x08001e88   0x00000030   Code   RO          479    i.IsKeyDown3        bsp_key.o
    0x08001eb8   0x08001eb8   0x00000030   Code   RO          480    i.IsKeyDown4        bsp_key.o
    0x08001ee8   0x08001ee8   0x00000030   Code   RO          481    i.IsKeyDown5        bsp_key.o
    0x08001f18   0x08001f18   0x00000030   Code   RO          482    i.IsKeyDown6        bsp_key.o
    0x08001f48   0x08001f48   0x00000038   Code   RO            2    i.Key_Control       main.o
    0x08001f80   0x08001f80   0x00000030   Code   RO          907    i.LCD_Clear         bsp_nt35310_lcd.o
    0x08001fb0   0x08001fb0   0x00000050   Code   RO          911    i.LCD_Display_Dir   bsp_nt35310_lcd.o
    0x08002000   0x08002000   0x000000b0   Code   RO          912    i.LCD_DrawLine      bsp_nt35310_lcd.o
    0x080020b0   0x080020b0   0x00000020   Code   RO          913    i.LCD_DrawPoint     bsp_nt35310_lcd.o
    0x080020d0   0x080020d0   0x00000040   Code   RO          916    i.LCD_Fast_DrawPoint  bsp_nt35310_lcd.o
    0x08002110   0x08002110   0x00000050   Code   RO          917    i.LCD_Fill          bsp_nt35310_lcd.o
    0x08002160   0x08002160   0x00000016   Code   RO          918    i.LCD_Pow           bsp_nt35310_lcd.o
    0x08002176   0x08002176   0x00000002   PAD
    0x08002178   0x08002178   0x0000000c   Code   RO          919    i.LCD_RD_DATA       bsp_nt35310_lcd.o
    0x08002184   0x08002184   0x00000128   Code   RO          922    i.LCD_Scan_Dir      bsp_nt35310_lcd.o
    0x080022ac   0x080022ac   0x00000034   Code   RO          923    i.LCD_SetCursor     bsp_nt35310_lcd.o
    0x080022e0   0x080022e0   0x00000128   Code   RO          925    i.LCD_ShowChar      bsp_nt35310_lcd.o
    0x08002408   0x08002408   0x00000094   Code   RO          926    i.LCD_ShowNum       bsp_nt35310_lcd.o
    0x0800249c   0x0800249c   0x00000066   Code   RO          927    i.LCD_ShowString    bsp_nt35310_lcd.o
    0x08002502   0x08002502   0x00000002   PAD
    0x08002504   0x08002504   0x0000000c   Code   RO          929    i.LCD_WR_DATA       bsp_nt35310_lcd.o
    0x08002510   0x08002510   0x0000000c   Code   RO          930    i.LCD_WR_REG        bsp_nt35310_lcd.o
    0x0800251c   0x0800251c   0x00000010   Code   RO          932    i.LCD_WriteRAM_Prepare  bsp_nt35310_lcd.o
    0x0800252c   0x0800252c   0x00000014   Code   RO          933    i.LCD_WriteReg      bsp_nt35310_lcd.o
    0x08002540   0x08002540   0x00000004   Code   RO         1589    i.MemManage_Handler  stm32f10x_it.o
    0x08002544   0x08002544   0x00000002   Code   RO         1590    i.NMI_Handler       stm32f10x_it.o
    0x08002546   0x08002546   0x00000eec   Code   RO          934    i.NT35310_REG_Config  bsp_nt35310_lcd.o
    0x08003432   0x08003432   0x00000002   PAD
    0x08003434   0x08003434   0x00000070   Code   RO         1731    i.NVIC_Init         misc.o
    0x080034a4   0x080034a4   0x00000014   Code   RO         1732    i.NVIC_PriorityGroupConfig  misc.o
    0x080034b8   0x080034b8   0x00000494   Code   RO            3    i.Nt_DisPlay        main.o
    0x0800394c   0x0800394c   0x0000000e   Code   RO         1344    i.OPT3001Config     bsp_opt3001.o
    0x0800395a   0x0800395a   0x00000058   Code   RO         1345    i.OPT3001Multiple_read  bsp_opt3001.o
    0x080039b2   0x080039b2   0x00000038   Code   RO         1346    i.Opt3001WriteRegister  bsp_opt3001.o
    0x080039ea   0x080039ea   0x00000002   PAD
    0x080039ec   0x080039ec   0x00000060   Code   RO         1426    i.PM25_READ         bsp_pm2.5.o
    0x08003a4c   0x08003a4c   0x0000001c   Code   RO         1427    i.PM25_TEMP_BUF_Clear  bsp_pm2.5.o
    0x08003a68   0x08003a68   0x00000002   Code   RO         1591    i.PendSV_Handler    stm32f10x_it.o
    0x08003a6a   0x08003a6a   0x00000002   PAD
    0x08003a6c   0x08003a6c   0x0000005c   Code   RO            4    i.PrintfHelp        main.o
    0x08003ac8   0x08003ac8   0x00000190   Code   RO            5    i.PrintfLogo        main.o
    0x08003c58   0x08003c58   0x00000020   Code   RO         1882    i.RCC_AHBPeriphClockCmd  stm32f10x_rcc.o
    0x08003c78   0x08003c78   0x00000020   Code   RO         1883    i.RCC_APB1PeriphClockCmd  stm32f10x_rcc.o
    0x08003c98   0x08003c98   0x00000020   Code   RO         1884    i.RCC_APB1PeriphResetCmd  stm32f10x_rcc.o
    0x08003cb8   0x08003cb8   0x00000020   Code   RO         1885    i.RCC_APB2PeriphClockCmd  stm32f10x_rcc.o
    0x08003cd8   0x08003cd8   0x000000d4   Code   RO         1893    i.RCC_GetClocksFreq  stm32f10x_rcc.o
    0x08003dac   0x08003dac   0x0000005c   Code   RO          873    i.SENSOR_IO_Init    bsp_iosensor.o
    0x08003e08   0x08003e08   0x000000ec   Code   RO         1227    i.SHT3X_GetValue    bsp_sht30.o
    0x08003ef4   0x08003ef4   0x0000000c   Code   RO         1228    i.SHT3X_SetPeriodicMeasurement  bsp_sht30.o
    0x08003f00   0x08003f00   0x00000032   Code   RO         1229    i.SHT3X_WriteCMD    bsp_sht30.o
    0x08003f32   0x08003f32   0x00000072   Code   RO         1230    i.SHX3X_ReadResults  bsp_sht30.o
    0x08003fa4   0x08003fa4   0x00000002   Code   RO         1592    i.SVC_Handler       stm32f10x_it.o
    0x08003fa6   0x08003fa6   0x00000008   Code   RO         1654    i.SetSysClock       system_stm32f10x.o
    0x08003fae   0x08003fae   0x00000002   PAD
    0x08003fb0   0x08003fb0   0x000000e0   Code   RO         1655    i.SetSysClockTo72   system_stm32f10x.o
    0x08004090   0x08004090   0x000000ac   Code   RO          935    i.Show_Chinese32    bsp_nt35310_lcd.o
    0x0800413c   0x0800413c   0x000002ec   Code   RO            6    i.Show_L            main.o
    0x08004428   0x08004428   0x00000008   Code   RO          351    i.SysTick_Handler   bsp_timer.o
    0x08004430   0x08004430   0x00000084   Code   RO          352    i.SysTick_ISR       bsp_timer.o
    0x080044b4   0x080044b4   0x00000060   Code   RO         1657    i.SystemInit        system_stm32f10x.o
    0x08004514   0x08004514   0x00000074   Code   RO          936    i.TFTLCD_FSMC_Config  bsp_nt35310_lcd.o
    0x08004588   0x08004588   0x0000019c   Code   RO          937    i.TFTLCD_GPIO_Config  bsp_nt35310_lcd.o
    0x08004724   0x08004724   0x00000070   Code   RO          938    i.TFTLCD_Init       bsp_nt35310_lcd.o
    0x08004794   0x08004794   0x00000040   Code   RO          806    i.UART4_IRQHandler  bsp_uart4.o
    0x080047d4   0x080047d4   0x0000004c   Code   RO          807    i.UART4_Receive_Data  bsp_uart4.o
    0x08004820   0x08004820   0x00000048   Code   RO          808    i.UART4_Send_Data   bsp_uart4.o
    0x08004868   0x08004868   0x00000040   Code   RO         1389    i.UART5_IRQHandler  bsp_uart5.o
    0x080048a8   0x080048a8   0x0000004c   Code   RO         1390    i.UART5_Receive_Data  bsp_uart5.o
    0x080048f4   0x080048f4   0x00000048   Code   RO         1391    i.UART5_Send_Data   bsp_uart5.o
    0x0800493c   0x0800493c   0x0000005c   Code   RO          578    i.USART1_IRQHandler  bsp_uart.o
    0x08004998   0x08004998   0x0000003c   Code   RO          579    i.USART1_Send_Data  bsp_uart.o
    0x080049d4   0x080049d4   0x00000048   Code   RO         1454    i.USART2_IRQHandler  bsp_uart2.o
    0x08004a1c   0x08004a1c   0x00000048   Code   RO         1456    i.USART2_Send_Data  bsp_uart2.o
    0x08004a64   0x08004a64   0x00000018   Code   RO         2085    i.USART_Cmd         stm32f10x_usart.o
    0x08004a7c   0x08004a7c   0x0000001a   Code   RO         2088    i.USART_GetFlagStatus  stm32f10x_usart.o
    0x08004a96   0x08004a96   0x00000054   Code   RO         2089    i.USART_GetITStatus  stm32f10x_usart.o
    0x08004aea   0x08004aea   0x0000004a   Code   RO         2091    i.USART_ITConfig    stm32f10x_usart.o
    0x08004b34   0x08004b34   0x000000d8   Code   RO         2092    i.USART_Init        stm32f10x_usart.o
    0x08004c0c   0x08004c0c   0x0000000a   Code   RO         2099    i.USART_ReceiveData  stm32f10x_usart.o
    0x08004c16   0x08004c16   0x00000008   Code   RO         2102    i.USART_SendData    stm32f10x_usart.o
    0x08004c1e   0x08004c1e   0x00000002   PAD
    0x08004c20   0x08004c20   0x00000014   Code   RO          580    i.Uart0_STA_Clr     bsp_uart.o
    0x08004c34   0x08004c34   0x00000014   Code   RO         1457    i.Uart2_STA_Clr     bsp_uart2.o
    0x08004c48   0x08004c48   0x00000004   Code   RO         1593    i.UsageFault_Handler  stm32f10x_it.o
    0x08004c4c   0x08004c4c   0x0000000c   Code   RO         2303    i.WWDG_ClearFlag    stm32f10x_wwdg.o
    0x08004c58   0x08004c58   0x0000000c   Code   RO         2307    i.WWDG_GetFlagStatus  stm32f10x_wwdg.o
    0x08004c64   0x08004c64   0x00000014   Code   RO          649    i.WWDG_IRQHandler   bsp_wwdg.o
    0x08004c78   0x08004c78   0x00000010   Code   RO         2308    i.WWDG_SetCounter   stm32f10x_wwdg.o
    0x08004c88   0x08004c88   0x00000028   Code   RO         3500    i.__ARM_fpclassify  m_ws.l(fpclassify.o)
    0x08004cb0   0x08004cb0   0x00000006   Code   RO          353    i.__set_PRIMASK     bsp_timer.o
    0x08004cb6   0x08004cb6   0x0000000e   Code   RO         3352    i._is_digit         c_w.l(__printf_wp.o)
    0x08004cc4   0x08004cc4   0x00000004   Code   RO          581    i._sys_exit         bsp_uart.o
    0x08004cc8   0x08004cc8   0x0000000c   Code   RO          441    i.bsp_BeepOff       bsp_beep.o
    0x08004cd4   0x08004cd4   0x0000000c   Code   RO          442    i.bsp_BeepOn        bsp_beep.o
    0x08004ce0   0x08004ce0   0x00000034   Code   RO          355    i.bsp_CheckTimer    bsp_timer.o
    0x08004d14   0x08004d14   0x00000044   Code   RO          356    i.bsp_DelayMS       bsp_timer.o
    0x08004d58   0x08004d58   0x00000054   Code   RO          357    i.bsp_DelayUS       bsp_timer.o
    0x08004dac   0x08004dac   0x000000cc   Code   RO          484    i.bsp_DetectKey     bsp_key.o
    0x08004e78   0x08004e78   0x00000020   Code   RO         1305    i.bsp_FanOff        bsp_fan.o
    0x08004e98   0x08004e98   0x00000020   Code   RO         1306    i.bsp_FanOn         bsp_fan.o
    0x08004eb8   0x08004eb8   0x00000034   Code   RO          485    i.bsp_GetKey        bsp_key.o
    0x08004eec   0x08004eec   0x00000002   Code   RO          273    i.bsp_Idle          bsp.o
    0x08004eee   0x08004eee   0x00000024   Code   RO          274    i.bsp_Init          bsp.o
    0x08004f12   0x08004f12   0x00000002   PAD
    0x08004f14   0x08004f14   0x0000002c   Code   RO          444    i.bsp_InitBeep      bsp_beep.o
    0x08004f40   0x08004f40   0x00000048   Code   RO         1308    i.bsp_InitFan       bsp_fan.o
    0x08004f88   0x08004f88   0x00000060   Code   RO         1126    i.bsp_InitI2C       bsp_i2c_gpio.o
    0x08004fe8   0x08004fe8   0x0000000c   Code   RO          874    i.bsp_InitIoSensor  bsp_iosensor.o
    0x08004ff4   0x08004ff4   0x0000000c   Code   RO          488    i.bsp_InitKey       bsp_key.o
    0x08005000   0x08005000   0x00000070   Code   RO          489    i.bsp_InitKeyHard   bsp_key.o
    0x08005070   0x08005070   0x00000080   Code   RO          490    i.bsp_InitKeyVar    bsp_key.o
    0x080050f0   0x080050f0   0x00000058   Code   RO          315    i.bsp_InitLed       bsp_led.o
    0x08005148   0x08005148   0x0000003e   Code   RO         1347    i.bsp_InitOpt3001   bsp_opt3001.o
    0x08005186   0x08005186   0x00000002   PAD
    0x08005188   0x08005188   0x0000006c   Code   RO         1269    i.bsp_InitRelay     bsp_relay.o
    0x080051f4   0x080051f4   0x00000014   Code   RO         1231    i.bsp_InitSht3x     bsp_sht30.o
    0x08005208   0x08005208   0x0000009c   Code   RO          359    i.bsp_InitTimer     bsp_timer.o
    0x080052a4   0x080052a4   0x000000bc   Code   RO         1392    i.bsp_InitUART5     bsp_uart5.o
    0x08005360   0x08005360   0x000000b4   Code   RO          582    i.bsp_InitUart1     bsp_uart.o
    0x08005414   0x08005414   0x000000b8   Code   RO         1458    i.bsp_InitUart2     bsp_uart2.o
    0x080054cc   0x080054cc   0x000000b4   Code   RO          809    i.bsp_InitUart4     bsp_uart4.o
    0x08005580   0x08005580   0x00000016   Code   RO          491    i.bsp_KeyScan       bsp_key.o
    0x08005596   0x08005596   0x00000002   PAD
    0x08005598   0x08005598   0x00000020   Code   RO          317    i.bsp_LedOff        bsp_led.o
    0x080055b8   0x080055b8   0x00000020   Code   RO          318    i.bsp_LedOn         bsp_led.o
    0x080055d8   0x080055d8   0x0000002c   Code   RO          319    i.bsp_LedToggle     bsp_led.o
    0x08005604   0x08005604   0x00000020   Code   RO          492    i.bsp_PutKey        bsp_key.o
    0x08005624   0x08005624   0x0000003c   Code   RO         1271    i.bsp_RelayOff      bsp_relay.o
    0x08005660   0x08005660   0x0000003c   Code   RO         1272    i.bsp_RelayOn       bsp_relay.o
    0x0800569c   0x0800569c   0x00000008   Code   RO          275    i.bsp_RunPer10ms    bsp.o
    0x080056a4   0x080056a4   0x00000002   Code   RO          276    i.bsp_RunPer1ms     bsp.o
    0x080056a6   0x080056a6   0x0000001c   Code   RO          360    i.bsp_SoftTimerDec  bsp_timer.o
    0x080056c2   0x080056c2   0x00000002   PAD
    0x080056c4   0x080056c4   0x00000050   Code   RO          361    i.bsp_StartAutoTimer  bsp_timer.o
    0x08005714   0x08005714   0x0000004c   Code   RO          362    i.bsp_StartTimer    bsp_timer.o
    0x08005760   0x08005760   0x0000003c   Code   RO          363    i.bsp_StopTimer     bsp_timer.o
    0x0800579c   0x0800579c   0x00000100   Code   RO            8    i.data_static       main.o
    0x0800589c   0x0800589c   0x0000000c   Code   RO          277    i.delay_ms          bsp.o
    0x080058a8   0x080058a8   0x0000000c   Code   RO          278    i.delay_us          bsp.o
    0x080058b4   0x080058b4   0x000000a0   Code   RO            9    i.fengshan_temp     main.o
    0x08005954   0x08005954   0x0000009c   Code   RO           10    i.flag_chuli        main.o
    0x080059f0   0x080059f0   0x0000001c   Code   RO          583    i.fputc             bsp_uart.o
    0x08005a0c   0x08005a0c   0x00000020   Code   RO          845    i.getCheckSum       bsp_co2.o
    0x08005a2c   0x08005a2c   0x00000020   Code   RO         1428    i.getchecksum1      bsp_pm2.5.o
    0x08005a4c   0x08005a4c   0x000000d0   Code   RO           11    i.main              main.o
    0x08005b1c   0x08005b1c   0x00000024   Code   RO           13    i.usart2_cmd_receive  main.o
    0x08005b40   0x08005b40   0x0000002c   Code   RO         3496    locale$$code        c_w.l(lc_numeric_c.o)
    0x08005b6c   0x08005b6c   0x00000062   Code   RO         3371    x$fpl$d2f           fz_ws.l(d2f.o)
    0x08005bce   0x08005bce   0x00000002   PAD
    0x08005bd0   0x08005bd0   0x00000150   Code   RO         3373    x$fpl$dadd          fz_ws.l(daddsub_clz.o)
    0x08005d20   0x08005d20   0x000002b0   Code   RO         3380    x$fpl$ddiv          fz_ws.l(ddiv.o)
    0x08005fd0   0x08005fd0   0x00000026   Code   RO         3387    x$fpl$dfltu         fz_ws.l(dflt_clz.o)
    0x08005ff6   0x08005ff6   0x00000002   PAD
    0x08005ff8   0x08005ff8   0x00000154   Code   RO         3393    x$fpl$dmul          fz_ws.l(dmul.o)
    0x0800614c   0x0800614c   0x0000009c   Code   RO         3429    x$fpl$dnaninf       fz_ws.l(dnaninf.o)
    0x080061e8   0x080061e8   0x0000000c   Code   RO         3431    x$fpl$dretinf       fz_ws.l(dretinf.o)
    0x080061f4   0x080061f4   0x000001d4   Code   RO         3375    x$fpl$dsub          fz_ws.l(daddsub_clz.o)
    0x080063c8   0x080063c8   0x00000056   Code   RO         3395    x$fpl$f2d           fz_ws.l(f2d.o)
    0x0800641e   0x0800641e   0x00000018   Code   RO         3433    x$fpl$fcmpinf       fz_ws.l(fcmpi.o)
    0x08006436   0x08006436   0x00000002   PAD
    0x08006438   0x08006438   0x00000184   Code   RO         3398    x$fpl$fdiv          fz_ws.l(fdiv.o)
    0x080065bc   0x080065bc   0x00000026   Code   RO         3401    x$fpl$ffltu         fz_ws.l(fflt_clz.o)
    0x080065e2   0x080065e2   0x00000002   PAD
    0x080065e4   0x080065e4   0x00000068   Code   RO         3407    x$fpl$fleqf         fz_ws.l(fleqf.o)
    0x0800664c   0x0800664c   0x0000008c   Code   RO         3435    x$fpl$fnaninf       fz_ws.l(fnaninf.o)
    0x080066d8   0x080066d8   0x0000000a   Code   RO         3437    x$fpl$fretinf       fz_ws.l(fretinf.o)
    0x080066e2   0x080066e2   0x00000062   Code   RO         3409    x$fpl$frleqf        fz_ws.l(frleqf.o)
    0x08006744   0x08006744   0x00000004   Code   RO         3411    x$fpl$printf1       fz_ws.l(printf1.o)
    0x08006748   0x08006748   0x00000000   Code   RO         3439    x$fpl$usenofp       fz_ws.l(usenofp.o)
    0x08006748   0x08006748   0x00000009   Data   RO          847    .constdata          bsp_co2.o
    0x08006751   0x08006751   0x00003c7d   Data   RO          941    .constdata          bsp_nt35310_lcd.o
    0x0800a3ce   0x0800a3ce   0x00000009   Data   RO         1430    .constdata          bsp_pm2.5.o
    0x0800a3d7   0x0800a3d7   0x00000028   Data   RO         3325    .constdata          c_w.l(_printf_hex_int.o)
    0x0800a3ff   0x0800a3ff   0x00000011   Data   RO         3355    .constdata          c_w.l(__printf_flags_wp.o)
    0x0800a410   0x0800a410   0x00000094   Data   RO         3467    .constdata          c_w.l(bigflt0.o)
    0x0800a4a4   0x0800a4a4   0x00000049   Data   RO           14    .conststring        main.o
    0x0800a4ed   0x0800a4ed   0x00000003   PAD
    0x0800a4f0   0x0800a4f0   0x00000020   Data   RO         3637    Region$$Table       anon$$obj.o
    0x0800a510   0x0800a510   0x0000001c   Data   RO         3495    locale$$data        c_w.l(lc_numeric_c.o)


    Execution Region RW_IRAM1 (Exec base: 0x20000000, Load base: 0x0800a52c, Size: 0x00000c48, Max: 0x00010000, ABSOLUTE)

    Exec Addr    Load Addr    Size         Type   Attr      Idx    E Section Name        Object

    0x20000000   0x0800a52c   0x0000000f   Data   RW           15    .data               main.o
    0x2000000f   0x0800a53b   0x00000001   PAD
    0x20000010   0x0800a53c   0x0000000d   Data   RW          365    .data               bsp_timer.o
    0x2000001d   0x0800a549   0x00000003   PAD
    0x20000020   0x0800a54c   0x00000008   Data   RW          585    .data               bsp_uart.o
    0x20000028   0x0800a554   0x00000001   Data   RW          811    .data               bsp_uart4.o
    0x20000029   0x0800a555   0x00000002   Data   RW          875    .data               bsp_iosensor.o
    0x2000002b   0x0800a557   0x00000001   PAD
    0x2000002c   0x0800a558   0x00000004   Data   RW          942    .data               bsp_nt35310_lcd.o
    0x20000030   0x0800a55c   0x00000008   Data   RW         1232    .data               bsp_sht30.o
    0x20000038   0x0800a564   0x00000001   Data   RW         1394    .data               bsp_uart5.o
    0x20000039   0x0800a565   0x00000002   Data   RW         1460    .data               bsp_uart2.o
    0x2000003b   0x0800a567   0x00000001   PAD
    0x2000003c   0x0800a568   0x00000014   Data   RW         1658    .data               system_stm32f10x.o
    0x20000050   0x0800a57c   0x00000014   Data   RW         1913    .data               stm32f10x_rcc.o
    0x20000064        -       0x00000030   Zero   RW          364    .bss                bsp_timer.o
    0x20000094        -       0x0000006d   Zero   RW          494    .bss                bsp_key.o
    0x20000101        -       0x00000400   Zero   RW          584    .bss                bsp_uart.o
    0x20000501        -       0x00000040   Zero   RW          810    .bss                bsp_uart4.o
    0x20000541        -       0x0000000a   Zero   RW          846    .bss                bsp_co2.o
    0x2000054b   0x0800a590   0x00000001   PAD
    0x2000054c        -       0x0000000e   Zero   RW          940    .bss                bsp_nt35310_lcd.o
    0x2000055a        -       0x00000040   Zero   RW         1393    .bss                bsp_uart5.o
    0x2000059a        -       0x0000000a   Zero   RW         1429    .bss                bsp_pm2.5.o
    0x200005a4        -       0x00000040   Zero   RW         1459    .bss                bsp_uart2.o
    0x200005e4        -       0x00000060   Zero   RW         3503    .bss                c_w.l(libspace.o)
    0x20000644   0x0800a590   0x00000004   PAD
    0x20000648        -       0x00000200   Zero   RW         1689    HEAP                startup_stm32f10x_hd.o
    0x20000848        -       0x00000400   Zero   RW         1688    STACK               startup_stm32f10x_hd.o


==============================================================================

Image component sizes


      Code (inc. data)   RO Data    RW Data    ZI Data      Debug   Object Name

        72          0          0          0          0       2857   bsp.o
        68         14          0          0          0       1458   bsp_beep.o
       156         14          9          0         10       2397   bsp_co2.o
       136         18          0          0          0       1571   bsp_fan.o
       736         98          0          0          0       4589   bsp_i2c_gpio.o
       340         32          0          2          0       2606   bsp_iosensor.o
       850        120          0          0        109       7386   bsp_key.o
       196         32          0          0          0       2099   bsp_led.o
      6100        120      15485          4         14      24193   bsp_nt35310_lcd.o
       282          0          0          0          0       4186   bsp_opt3001.o
       156         14          9          0         10       2425   bsp_pm2.5.o
       228         16          0          0          0       1665   bsp_relay.o
       432         32          0          8          0       3698   bsp_sht30.o
       750         78          0         13         48      22363   bsp_timer.o
       384         44          0          8       1024       5421   bsp_uart.o
       348         44          0          2         64       3135   bsp_uart2.o
       392         42          0          1         64       3326   bsp_uart4.o
       400         46          0          1         64       3334   bsp_uart5.o
        20          0          0          0          0        506   bsp_wwdg.o
         0          0          0          0          0         32   core_cm3.o
      3544        646         73         15          0     244052   main.o
       132         22          0          0          0       1707   misc.o
        64         26        304          0       1536        840   startup_stm32f10x_hd.o
         0          0          0          0          0     238464   stm32f10x_assert.o
       200         18          0          0          0       2340   stm32f10x_exti.o
       282          6          0          0          0       1989   stm32f10x_fsmc.o
       490         10          0          0          0       4231   stm32f10x_gpio.o
        60          6          0          0          0       3716   stm32f10x_it.o
       340         44          0         20          0       5931   stm32f10x_rcc.o
       442          6          0          0          0       6617   stm32f10x_usart.o
        40         14          0          0          0       1624   stm32f10x_wwdg.o
       328         28          0         20          0       2333   system_stm32f10x.o

    ----------------------------------------------------------------------
     17998       1590      15915        100       2944     613091   Object Totals
         0          0         32          0          0          0   (incl. Generated)
        30          0          3          6          1          0   (incl. Padding)

    ----------------------------------------------------------------------

      Code (inc. data)   RO Data    RW Data    ZI Data      Debug   Library Member Name

         8          0          0          0          0         68   __main.o
       312          4         17          0          0         92   __printf_flags_wp.o
        14          0          0          0          0         68   __printf_wp.o
         0          0          0          0          0          0   __rtentry.o
        12          0          0          0          0          0   __rtentry2.o
         6          0          0          0          0          0   __rtentry4.o
        52          8          0          0          0          0   __scatter.o
        26          0          0          0          0          0   __scatter_copy.o
        28          0          0          0          0          0   __scatter_zi.o
        44          0          0          0          0        108   _printf_char.o
        48          6          0          0          0         96   _printf_char_common.o
        36          4          0          0          0         80   _printf_char_file.o
         6          0          0          0          0          0   _printf_d.o
       120         16          0          0          0         92   _printf_dec.o
         6          0          0          0          0          0   _printf_f.o
      1054          0          0          0          0        216   _printf_fp_dec.o
       128         16          0          0          0         84   _printf_fp_infnan.o
        88          4         40          0          0         88   _printf_hex_int.o
       178          0          0          0          0         88   _printf_intcommon.o
        78          0          0          0          0        108   _printf_pad.o
         0          0          0          0          0          0   _printf_percent.o
         4          0          0          0          0          0   _printf_percent_end.o
         6          0          0          0          0          0   _printf_s.o
        82          0          0          0          0         80   _printf_str.o
         6          0          0          0          0          0   _printf_x.o
        10          0          0          0          0         68   _sputc.o
       228          4        148          0          0         96   bigflt0.o
      1936        128          0          0          0        672   btod.o
        18          0          0          0          0         80   exit.o
         8          0          0          0          0         68   ferror.o
         6          0          0          0          0        152   heapauxi.o
        44         10         28          0          0         76   lc_numeric_c.o
         2          0          0          0          0          0   libinit.o
        18          0          0          0          0          0   libinit2.o
         2          0          0          0          0          0   libshutdown.o
         2          0          0          0          0          0   libshutdown2.o
         8          4          0          0         96         68   libspace.o
       138          0          0          0          0         80   lludiv10.o
        24          4          0          0          0         84   noretval__2printf.o
        40          6          0          0          0         84   noretval__2sprintf.o
         8          4          0          0          0         68   rt_locale_intlibspace.o
         2          0          0          0          0          0   rtexit.o
        10          0          0          0          0          0   rtexit2.o
       128          0          0          0          0         68   strcmpv7m.o
        74          0          0          0          0         80   sys_stackheap_outer.o
         2          0          0          0          0         68   use_no_semi.o
         2          0          0          0          0         68   use_no_semi_2.o
        98          4          0          0          0         92   d2f.o
       804         16          0          0          0        272   daddsub_clz.o
       688        140          0          0          0        208   ddiv.o
        38          0          0          0          0         68   dflt_clz.o
       340         12          0          0          0        104   dmul.o
       156          4          0          0          0         92   dnaninf.o
        12          0          0          0          0         68   dretinf.o
        86          4          0          0          0         84   f2d.o
        24          0          0          0          0         68   fcmpi.o
       388         76          0          0          0         96   fdiv.o
        38          0          0          0          0         68   fflt_clz.o
       104          4          0          0          0         84   fleqf.o
       140          4          0          0          0         84   fnaninf.o
        10          0          0          0          0         68   fretinf.o
        98          0          0          0          0         68   frleqf.o
         4          0          0          0          0         68   printf1.o
         0          0          0          0          0          0   usenofp.o
        40          0          0          0          0         68   fpclassify.o

    ----------------------------------------------------------------------
      8138        482        233          0        100       4808   Library Totals
        18          0          0          0          4          0   (incl. Padding)

    ----------------------------------------------------------------------

      Code (inc. data)   RO Data    RW Data    ZI Data      Debug   Library Name

      5052        218        233          0         96       3148   c_w.l
      3028        264          0          0          0       1592   fz_ws.l
        40          0          0          0          0         68   m_ws.l

    ----------------------------------------------------------------------
      8138        482        233          0        100       4808   Library Totals

    ----------------------------------------------------------------------

==============================================================================


      Code (inc. data)   RO Data    RW Data    ZI Data      Debug   

     26136       2072      16148        100       3044     607079   Grand Totals
     26136       2072      16148        100       3044     607079   ELF Image Totals
     26136       2072      16148        100          0          0   ROM Totals

==============================================================================

    Total RO  Size (Code + RO Data)                42284 (  41.29kB)
    Total RW  Size (RW Data + ZI Data)              3144 (   3.07kB)
    Total ROM Size (Code + RO Data + RW Data)      42384 (  41.39kB)

==============================================================================

