<html>
<body>
<pre>
<h1>礦ision Build Log</h1>
<h2>Tool Versions:</h2>
IDE-Version: μVision V5.31.0.0
Copyright (C) 2020 ARM Ltd and ARM Germany GmbH. All rights reserved.
License Information: zhangyaozong,            , LIC=03C6R-KMIXZ-74US0-B6D4A-RN70R-3KAXZ
 
Tool Versions:
Toolchain:       MDK-ARM Plus  Version: 5.31.0.0
Toolchain Path:  D:\KEil\ARM\ARMCC\Bin
C Compiler:      Armcc.exe V5.06 update 6 (build 750)
Assembler:       Armasm.exe V5.06 update 6 (build 750)
Linker/Locator:  ArmLink.exe V5.06 update 6 (build 750)
Library Manager: ArmAr.exe V5.06 update 6 (build 750)
Hex Converter:   FromElf.exe V5.06 update 6 (build 750)
CPU DLL:         SARMCM3.DLL V5.31.0.0
Dialog DLL:      DCM.DLL V1.17.3.0
Target DLL:      STLink\ST-LINKIII-KEIL_SWO.dll V3.0.7.0
Dialog DLL:      TCM.DLL V1.46.0.0
 
<h2>Project:</h2>
C:\Users\zhangyaozong\Desktop\主板最终版 (3)\主板最终版\综合训练传感器\Project\sht30.uvprojx
Project File Date:  07/06/2023

<h2>Output:</h2>
*** Using Compiler 'V5.06 update 6 (build 750)', folder: 'D:\KEil\ARM\ARMCC\Bin'
Build target 'Flash'
compiling bsp.c...
compiling bsp_led.c...
compiling bsp_timer.c...
compiling bsp_key.c...
compiling bsp_beep.c...
compiling main.c...
compiling bsp_uart.c...
compiling bap_iwdg.c...
compiling bsp_tim_pwm.c...
compiling bsp_tpad.c...
compiling bsp_wwdg.c...
compiling bsp_adc.c...
compiling bsp_co2.c...
compiling bsp_uart4.c...
compiling bsp_24c02.c...
compiling bsp_i2c_gpio.c...
compiling bsp_iosensor.c...
compiling bsp_nt35310_lcd.c...
compiling bsp_fan.c...
compiling bsp_relay.c...
compiling bsp_uart5.c...
compiling bsp_opt3001.c...
compiling bsp_pm2.5.c...
compiling bsp_sht30.c...
compiling sensor_Data_Proc.c...
compiling usart1_cmd.c...
compiling bsp_uart2.c...
linking...
Program Size: Code=26136 RO-data=16148 RW-data=100 ZI-data=3044  
FromELF: creating hex file...
".\Objects\sht30.axf" - 0 Error(s), 0 Warning(s).

<h2>Software Packages used:</h2>

Package Vendor: Keil
                http://www.keil.com/pack/Keil.STM32F1xx_DFP.1.1.0.pack
                Keil.STM32F1xx_DFP.1.1.0
                STMicroelectronics STM32F1 Series Device Support, Drivers and Examples

<h2>Collection of Component include folders:</h2>
  D:\pack\Keil\STM32F1xx_DFP\1.1.0\Device\Include

<h2>Collection of Component Files used:</h2>
Build Time Elapsed:  00:00:05
</pre>
</body>
</html>
